<?xml version="1.0"?>
<link_info>
   <banner>TI ARM Linker Unix v16.9.4.LTS</banner>
   <copyright>Copyright (c) 1996-2017 Texas Instruments Incorporated</copyright>
   <link_time>0x5e56023a</link_time>
   <link_errors>0x0</link_errors>
   <output_file>gesture.out</output_file>
   <entry_point>
      <name>_c_int00</name>
      <address>0x46f5</address>
   </entry_point>
   <input_file_list>
      <input_file id="fl-2">
         <path>./</path>
         <kind>object</kind>
         <file>circbuf.obj</file>
         <name>circbuf.obj</name>
      </input_file>
      <input_file id="fl-3">
         <path>./</path>
         <kind>object</kind>
         <file>classifier.obj</file>
         <name>classifier.obj</name>
      </input_file>
      <input_file id="fl-4">
         <path>./</path>
         <kind>object</kind>
         <file>gpio.obj</file>
         <name>gpio.obj</name>
      </input_file>
      <input_file id="fl-5">
         <path>./</path>
         <kind>object</kind>
         <file>i2c.obj</file>
         <name>i2c.obj</name>
      </input_file>
      <input_file id="fl-6">
         <path>./</path>
         <kind>object</kind>
         <file>main.obj</file>
         <name>main.obj</name>
      </input_file>
      <input_file id="fl-7">
         <path>./</path>
         <kind>object</kind>
         <file>si114x.obj</file>
         <name>si114x.obj</name>
      </input_file>
      <input_file id="fl-8">
         <path>./</path>
         <kind>object</kind>
         <file>si114x_algorithm.obj</file>
         <name>si114x_algorithm.obj</name>
      </input_file>
      <input_file id="fl-9">
         <path>./</path>
         <kind>object</kind>
         <file>startup_msp432e401y_ccs.obj</file>
         <name>startup_msp432e401y_ccs.obj</name>
      </input_file>
      <input_file id="fl-a">
         <path>./</path>
         <kind>object</kind>
         <file>sysinit.obj</file>
         <name>sysinit.obj</name>
      </input_file>
      <input_file id="fl-b">
         <path>./</path>
         <kind>object</kind>
         <file>system_msp432e401y.obj</file>
         <name>system_msp432e401y.obj</name>
      </input_file>
      <input_file id="fl-c">
         <path>./</path>
         <kind>object</kind>
         <file>timer.obj</file>
         <name>timer.obj</name>
      </input_file>
      <input_file id="fl-d">
         <path>./</path>
         <kind>object</kind>
         <file>uart.obj</file>
         <name>uart.obj</name>
      </input_file>
      <input_file id="fl-e">
         <path>./classifyX_pkg/</path>
         <kind>object</kind>
         <file>CompactClassificationECOC.obj</file>
         <name>CompactClassificationECOC.obj</name>
      </input_file>
      <input_file id="fl-f">
         <path>./classifyX_pkg/</path>
         <kind>object</kind>
         <file>Poly.obj</file>
         <name>Poly.obj</name>
      </input_file>
      <input_file id="fl-10">
         <path>./classifyX_pkg/</path>
         <kind>object</kind>
         <file>classifyX.obj</file>
         <name>classifyX.obj</name>
      </input_file>
      <input_file id="fl-11">
         <path>./classifyX_pkg/</path>
         <kind>object</kind>
         <file>classifyX_initialize.obj</file>
         <name>classifyX_initialize.obj</name>
      </input_file>
      <input_file id="fl-12">
         <path>./classifyX_pkg/</path>
         <kind>object</kind>
         <file>classifyX_terminate.obj</file>
         <name>classifyX_terminate.obj</name>
      </input_file>
      <input_file id="fl-16">
         <kind>object</kind>
         <file>&lt;internal&gt;</file>
         <name>&lt;internal&gt;</name>
      </input_file>
      <input_file id="fl-cc">
         <path>/Applications/ti/ccsv7/tools/compiler/ti-cgt-arm_16.9.4.LTS/lib/</path>
         <kind>archive</kind>
         <file>rtsv7M4_T_le_v4SPD16_eabi.lib</file>
         <name>boot.obj</name>
      </input_file>
      <input_file id="fl-cd">
         <path>/Applications/ti/ccsv7/tools/compiler/ti-cgt-arm_16.9.4.LTS/lib/</path>
         <kind>archive</kind>
         <file>rtsv7M4_T_le_v4SPD16_eabi.lib</file>
         <name>copy_decompress_lzss.obj</name>
      </input_file>
      <input_file id="fl-ce">
         <path>/Applications/ti/ccsv7/tools/compiler/ti-cgt-arm_16.9.4.LTS/lib/</path>
         <kind>archive</kind>
         <file>rtsv7M4_T_le_v4SPD16_eabi.lib</file>
         <name>copy_decompress_none.obj</name>
      </input_file>
      <input_file id="fl-cf">
         <path>/Applications/ti/ccsv7/tools/compiler/ti-cgt-arm_16.9.4.LTS/lib/</path>
         <kind>archive</kind>
         <file>rtsv7M4_T_le_v4SPD16_eabi.lib</file>
         <name>copy_zero_init.obj</name>
      </input_file>
      <input_file id="fl-d0">
         <path>/Applications/ti/ccsv7/tools/compiler/ti-cgt-arm_16.9.4.LTS/lib/</path>
         <kind>archive</kind>
         <file>rtsv7M4_T_le_v4SPD16_eabi.lib</file>
         <name>exit.obj</name>
      </input_file>
      <input_file id="fl-d1">
         <path>/Applications/ti/ccsv7/tools/compiler/ti-cgt-arm_16.9.4.LTS/lib/</path>
         <kind>archive</kind>
         <file>rtsv7M4_T_le_v4SPD16_eabi.lib</file>
         <name>fd_add_t2.obj</name>
      </input_file>
      <input_file id="fl-d2">
         <path>/Applications/ti/ccsv7/tools/compiler/ti-cgt-arm_16.9.4.LTS/lib/</path>
         <kind>archive</kind>
         <file>rtsv7M4_T_le_v4SPD16_eabi.lib</file>
         <name>fd_cmp_t2.obj</name>
      </input_file>
      <input_file id="fl-d3">
         <path>/Applications/ti/ccsv7/tools/compiler/ti-cgt-arm_16.9.4.LTS/lib/</path>
         <kind>archive</kind>
         <file>rtsv7M4_T_le_v4SPD16_eabi.lib</file>
         <name>fd_div_t2.obj</name>
      </input_file>
      <input_file id="fl-d4">
         <path>/Applications/ti/ccsv7/tools/compiler/ti-cgt-arm_16.9.4.LTS/lib/</path>
         <kind>archive</kind>
         <file>rtsv7M4_T_le_v4SPD16_eabi.lib</file>
         <name>fd_mul_t2.obj</name>
      </input_file>
      <input_file id="fl-d5">
         <path>/Applications/ti/ccsv7/tools/compiler/ti-cgt-arm_16.9.4.LTS/lib/</path>
         <kind>archive</kind>
         <file>rtsv7M4_T_le_v4SPD16_eabi.lib</file>
         <name>i_tofd_t2.obj</name>
      </input_file>
      <input_file id="fl-d6">
         <path>/Applications/ti/ccsv7/tools/compiler/ti-cgt-arm_16.9.4.LTS/lib/</path>
         <kind>archive</kind>
         <file>rtsv7M4_T_le_v4SPD16_eabi.lib</file>
         <name>memcpy_t2.obj</name>
      </input_file>
      <input_file id="fl-d7">
         <path>/Applications/ti/ccsv7/tools/compiler/ti-cgt-arm_16.9.4.LTS/lib/</path>
         <kind>archive</kind>
         <file>rtsv7M4_T_le_v4SPD16_eabi.lib</file>
         <name>memory.obj</name>
      </input_file>
      <input_file id="fl-d8">
         <path>/Applications/ti/ccsv7/tools/compiler/ti-cgt-arm_16.9.4.LTS/lib/</path>
         <kind>archive</kind>
         <file>rtsv7M4_T_le_v4SPD16_eabi.lib</file>
         <name>memset_t2.obj</name>
      </input_file>
      <input_file id="fl-d9">
         <path>/Applications/ti/ccsv7/tools/compiler/ti-cgt-arm_16.9.4.LTS/lib/</path>
         <kind>archive</kind>
         <file>rtsv7M4_T_le_v4SPD16_eabi.lib</file>
         <name>mpu_init.obj</name>
      </input_file>
      <input_file id="fl-da">
         <path>/Applications/ti/ccsv7/tools/compiler/ti-cgt-arm_16.9.4.LTS/lib/</path>
         <kind>archive</kind>
         <file>rtsv7M4_T_le_v4SPD16_eabi.lib</file>
         <name>pre_init.obj</name>
      </input_file>
      <input_file id="fl-db">
         <path>/Applications/ti/ccsv7/tools/compiler/ti-cgt-arm_16.9.4.LTS/lib/</path>
         <kind>archive</kind>
         <file>rtsv7M4_T_le_v4SPD16_eabi.lib</file>
         <name>stkdepth_vars.obj</name>
      </input_file>
      <input_file id="fl-dc">
         <path>/Applications/ti/ccsv7/tools/compiler/ti-cgt-arm_16.9.4.LTS/lib/</path>
         <kind>archive</kind>
         <file>rtsv7M4_T_le_v4SPD16_eabi.lib</file>
         <name>strlen.obj</name>
      </input_file>
      <input_file id="fl-dd">
         <path>/Applications/ti/ccsv7/tools/compiler/ti-cgt-arm_16.9.4.LTS/lib/</path>
         <kind>archive</kind>
         <file>rtsv7M4_T_le_v4SPD16_eabi.lib</file>
         <name>ti_fmax.obj</name>
      </input_file>
      <input_file id="fl-de">
         <path>/Applications/ti/ccsv7/tools/compiler/ti-cgt-arm_16.9.4.LTS/lib/</path>
         <kind>archive</kind>
         <file>rtsv7M4_T_le_v4SPD16_eabi.lib</file>
         <name>u_tofd_t2.obj</name>
      </input_file>
      <input_file id="fl-df">
         <path>/Applications/ti/ccsv7/tools/compiler/ti-cgt-arm_16.9.4.LTS/lib/</path>
         <kind>archive</kind>
         <file>rtsv7M4_T_le_v4SPD16_eabi.lib</file>
         <name>_lock.obj</name>
      </input_file>
      <input_file id="fl-e0">
         <path>/Applications/ti/ccsv7/tools/compiler/ti-cgt-arm_16.9.4.LTS/lib/</path>
         <kind>archive</kind>
         <file>rtsv7M4_T_le_v4SPD16_eabi.lib</file>
         <name>args_main.obj</name>
      </input_file>
      <input_file id="fl-e1">
         <path>/Applications/ti/ccsv7/tools/compiler/ti-cgt-arm_16.9.4.LTS/lib/</path>
         <kind>archive</kind>
         <file>rtsv7M4_T_le_v4SPD16_eabi.lib</file>
         <name>autoinit.obj</name>
      </input_file>
      <input_file id="fl-e2">
         <path>/Applications/ti/ccsv7/tools/compiler/ti-cgt-arm_16.9.4.LTS/lib/</path>
         <kind>archive</kind>
         <file>rtsv7M4_T_le_v4SPD16_eabi.lib</file>
         <name>cpy_tbl.obj</name>
      </input_file>
      <input_file id="fl-e3">
         <path>/Applications/ti/ccsv7/tools/compiler/ti-cgt-arm_16.9.4.LTS/lib/</path>
         <kind>archive</kind>
         <file>rtsv7M4_T_le_v4SPD16_eabi.lib</file>
         <name>startup.obj</name>
      </input_file>
   </input_file_list>
   <object_component_list>
      <object_component id="oc-f">
         <name>.intvecs:retain</name>
         <load_address>0x0</load_address>
         <run_address>0x0</run_address>
         <size>0x208</size>
         <input_file_ref idref="fl-9"/>
      </object_component>
      <object_component id="oc-1e0">
         <name>.text</name>
         <load_address>0x208</load_address>
         <run_address>0x208</run_address>
         <size>0x9bc</size>
         <input_file_ref idref="fl-e"/>
      </object_component>
      <object_component id="oc-19f">
         <name>.text</name>
         <load_address>0xbc4</load_address>
         <run_address>0xbc4</run_address>
         <size>0x8dc</size>
         <input_file_ref idref="fl-10"/>
      </object_component>
      <object_component id="oc-15d">
         <name>.text</name>
         <load_address>0x14a0</load_address>
         <run_address>0x14a0</run_address>
         <size>0x868</size>
         <input_file_ref idref="fl-8"/>
      </object_component>
      <object_component id="oc-157">
         <name>.text</name>
         <load_address>0x1d08</load_address>
         <run_address>0x1d08</run_address>
         <size>0x5ac</size>
         <input_file_ref idref="fl-7"/>
      </object_component>
      <object_component id="oc-139">
         <name>.text</name>
         <load_address>0x22b4</load_address>
         <run_address>0x22b4</run_address>
         <size>0x4c4</size>
         <input_file_ref idref="fl-3"/>
      </object_component>
      <object_component id="oc-3a">
         <name>.text</name>
         <load_address>0x2778</load_address>
         <run_address>0x2778</run_address>
         <size>0x404</size>
         <input_file_ref idref="fl-5"/>
      </object_component>
      <object_component id="oc-13f">
         <name>.text</name>
         <load_address>0x2b7c</load_address>
         <run_address>0x2b7c</run_address>
         <size>0x3d0</size>
         <input_file_ref idref="fl-d7"/>
      </object_component>
      <object_component id="oc-da">
         <name>.text</name>
         <load_address>0x2f4c</load_address>
         <run_address>0x2f4c</run_address>
         <size>0x2c8</size>
         <input_file_ref idref="fl-6"/>
      </object_component>
      <object_component id="oc-151">
         <name>.text</name>
         <load_address>0x3214</load_address>
         <run_address>0x3214</run_address>
         <size>0x294</size>
         <input_file_ref idref="fl-d"/>
      </object_component>
      <object_component id="oc-22d">
         <name>.text</name>
         <load_address>0x34a8</load_address>
         <run_address>0x34a8</run_address>
         <size>0x25c</size>
         <input_file_ref idref="fl-dd"/>
      </object_component>
      <object_component id="oc-40">
         <name>.text</name>
         <load_address>0x3704</load_address>
         <run_address>0x3704</run_address>
         <size>0x22c</size>
         <input_file_ref idref="fl-4"/>
      </object_component>
      <object_component id="oc-145">
         <name>.text</name>
         <load_address>0x3930</load_address>
         <run_address>0x3930</run_address>
         <size>0x21c</size>
         <input_file_ref idref="fl-2"/>
      </object_component>
      <object_component id="oc-213">
         <name>.text</name>
         <load_address>0x3b4c</load_address>
         <run_address>0x3b4c</run_address>
         <size>0x1b6</size>
         <input_file_ref idref="fl-d1"/>
      </object_component>
      <object_component id="oc-6c">
         <name>.text</name>
         <load_address>0x3d02</load_address>
         <run_address>0x3d02</run_address>
         <size>0x2</size>
         <input_file_ref idref="fl-d9"/>
      </object_component>
      <object_component id="oc-14b">
         <name>.text</name>
         <load_address>0x3d04</load_address>
         <run_address>0x3d04</run_address>
         <size>0x188</size>
         <input_file_ref idref="fl-a"/>
      </object_component>
      <object_component id="oc-222">
         <name>.text</name>
         <load_address>0x3e8c</load_address>
         <run_address>0x3e8c</run_address>
         <size>0x148</size>
         <input_file_ref idref="fl-f"/>
      </object_component>
      <object_component id="oc-21d">
         <name>.text</name>
         <load_address>0x3fd4</load_address>
         <run_address>0x3fd4</run_address>
         <size>0x136</size>
         <input_file_ref idref="fl-d3"/>
      </object_component>
      <object_component id="oc-d2">
         <name>.text</name>
         <load_address>0x410a</load_address>
         <run_address>0x410a</run_address>
         <size>0x2</size>
         <input_file_ref idref="fl-e3"/>
      </object_component>
      <object_component id="oc-92">
         <name>.text</name>
         <load_address>0x410c</load_address>
         <run_address>0x410c</run_address>
         <size>0x11c</size>
         <input_file_ref idref="fl-b"/>
      </object_component>
      <object_component id="oc-228">
         <name>.text</name>
         <load_address>0x4228</load_address>
         <run_address>0x4228</run_address>
         <size>0xfc</size>
         <input_file_ref idref="fl-d4"/>
      </object_component>
      <object_component id="oc-34">
         <name>.text</name>
         <load_address>0x4324</load_address>
         <run_address>0x4324</run_address>
         <size>0xd4</size>
         <input_file_ref idref="fl-c"/>
      </object_component>
      <object_component id="oc-54">
         <name>.text</name>
         <load_address>0x43f8</load_address>
         <run_address>0x43f8</run_address>
         <size>0x9c</size>
         <input_file_ref idref="fl-d6"/>
      </object_component>
      <object_component id="oc-1e6">
         <name>.text:__aeabi_cdcmple</name>
         <load_address>0x4494</load_address>
         <run_address>0x4494</run_address>
         <size>0x86</size>
         <input_file_ref idref="fl-d2"/>
      </object_component>
      <object_component id="oc-218">
         <name>.text:__aeabi_cdrcmple</name>
         <load_address>0x451a</load_address>
         <run_address>0x451a</run_address>
         <size>0x86</size>
         <input_file_ref idref="fl-d2"/>
      </object_component>
      <object_component id="oc-60">
         <name>.text</name>
         <load_address>0x45a0</load_address>
         <run_address>0x45a0</run_address>
         <size>0x7a</size>
         <input_file_ref idref="fl-d8"/>
      </object_component>
      <object_component id="oc-78">
         <name>.text</name>
         <load_address>0x461c</load_address>
         <run_address>0x461c</run_address>
         <size>0x70</size>
         <input_file_ref idref="fl-e1"/>
      </object_component>
      <object_component id="oc-12">
         <name>.text:decompress:lzss</name>
         <load_address>0x468c</load_address>
         <run_address>0x468c</run_address>
         <size>0x68</size>
         <input_file_ref idref="fl-cd"/>
      </object_component>
      <object_component id="oc-24">
         <name>.text</name>
         <load_address>0x46f4</load_address>
         <run_address>0x46f4</run_address>
         <size>0x54</size>
         <input_file_ref idref="fl-cc"/>
      </object_component>
      <object_component id="oc-84">
         <name>.text</name>
         <load_address>0x4748</load_address>
         <run_address>0x4748</run_address>
         <size>0x54</size>
         <input_file_ref idref="fl-d0"/>
      </object_component>
      <object_component id="oc-cc">
         <name>.text</name>
         <load_address>0x479c</load_address>
         <run_address>0x479c</run_address>
         <size>0x4c</size>
         <input_file_ref idref="fl-e2"/>
      </object_component>
      <object_component id="oc-233">
         <name>.text</name>
         <load_address>0x47e8</load_address>
         <run_address>0x47e8</run_address>
         <size>0x2e</size>
         <input_file_ref idref="fl-d5"/>
      </object_component>
      <object_component id="oc-19a">
         <name>.text</name>
         <load_address>0x4816</load_address>
         <run_address>0x4816</run_address>
         <size>0x20</size>
         <input_file_ref idref="fl-de"/>
      </object_component>
      <object_component id="oc-7e">
         <name>.text</name>
         <load_address>0x4838</load_address>
         <run_address>0x4838</run_address>
         <size>0x18</size>
         <input_file_ref idref="fl-e0"/>
      </object_component>
      <object_component id="oc-16d">
         <name>.text</name>
         <load_address>0x4850</load_address>
         <run_address>0x4850</run_address>
         <size>0x14</size>
         <input_file_ref idref="fl-df"/>
      </object_component>
      <object_component id="oc-1ac">
         <name>.text</name>
         <load_address>0x4864</load_address>
         <run_address>0x4864</run_address>
         <size>0x14</size>
         <input_file_ref idref="fl-dc"/>
      </object_component>
      <object_component id="oc-18">
         <name>.text:decompress:none</name>
         <load_address>0x4878</load_address>
         <run_address>0x4878</run_address>
         <size>0xe</size>
         <input_file_ref idref="fl-ce"/>
      </object_component>
      <object_component id="oc-2e">
         <name>.text</name>
         <load_address>0x4886</load_address>
         <run_address>0x4886</run_address>
         <size>0xe</size>
         <input_file_ref idref="fl-9"/>
      </object_component>
      <object_component id="oc-1e">
         <name>.text:decompress:ZI</name>
         <load_address>0x4894</load_address>
         <run_address>0x4894</run_address>
         <size>0xc</size>
         <input_file_ref idref="fl-cf"/>
      </object_component>
      <object_component id="oc-72">
         <name>.text</name>
         <load_address>0x48a0</load_address>
         <run_address>0x48a0</run_address>
         <size>0x4</size>
         <input_file_ref idref="fl-da"/>
      </object_component>
      <object_component id="oc-1eb">
         <name>.const:dv12$13</name>
         <load_address>0x48a8</load_address>
         <run_address>0x48a8</run_address>
         <size>0x4e0</size>
         <input_file_ref idref="fl-10"/>
      </object_component>
      <object_component id="oc-1f3">
         <name>.const:dv20$21</name>
         <load_address>0x4d88</load_address>
         <run_address>0x4d88</run_address>
         <size>0x4e0</size>
         <input_file_ref idref="fl-10"/>
      </object_component>
      <object_component id="oc-1ef">
         <name>.const:dv16$17</name>
         <load_address>0x5268</load_address>
         <run_address>0x5268</run_address>
         <size>0x360</size>
         <input_file_ref idref="fl-10"/>
      </object_component>
      <object_component id="oc-1d8">
         <name>.const:dv4$5</name>
         <load_address>0x55c8</load_address>
         <run_address>0x55c8</run_address>
         <size>0x360</size>
         <input_file_ref idref="fl-10"/>
      </object_component>
      <object_component id="oc-1d4">
         <name>.const:dv$1</name>
         <load_address>0x5928</load_address>
         <run_address>0x5928</run_address>
         <size>0x300</size>
         <input_file_ref idref="fl-10"/>
      </object_component>
      <object_component id="oc-1dc">
         <name>.const:dv8$9</name>
         <load_address>0x5c28</load_address>
         <run_address>0x5c28</run_address>
         <size>0x300</size>
         <input_file_ref idref="fl-10"/>
      </object_component>
      <object_component id="oc-1f7">
         <name>.const:CompactMdl_CodingMatrix$25</name>
         <load_address>0x5f28</load_address>
         <run_address>0x5f28</run_address>
         <size>0xc0</size>
         <input_file_ref idref="fl-10"/>
      </object_component>
      <object_component id="oc-1ee">
         <name>.const:dv15$16</name>
         <load_address>0x5fe8</load_address>
         <run_address>0x5fe8</run_address>
         <size>0x68</size>
         <input_file_ref idref="fl-10"/>
      </object_component>
      <object_component id="oc-1f6">
         <name>.const:dv23$24</name>
         <load_address>0x6050</load_address>
         <run_address>0x6050</run_address>
         <size>0x68</size>
         <input_file_ref idref="fl-10"/>
      </object_component>
      <object_component id="oc-1d5">
         <name>.const:dv1$2</name>
         <load_address>0x60b8</load_address>
         <run_address>0x60b8</run_address>
         <size>0x60</size>
         <input_file_ref idref="fl-10"/>
      </object_component>
      <object_component id="oc-1de">
         <name>.const:dv10$11</name>
         <load_address>0x6118</load_address>
         <run_address>0x6118</run_address>
         <size>0x60</size>
         <input_file_ref idref="fl-10"/>
      </object_component>
      <object_component id="oc-1ec">
         <name>.const:dv13$14</name>
         <load_address>0x6178</load_address>
         <run_address>0x6178</run_address>
         <size>0x60</size>
         <input_file_ref idref="fl-10"/>
      </object_component>
      <object_component id="oc-1ed">
         <name>.const:dv14$15</name>
         <load_address>0x61d8</load_address>
         <run_address>0x61d8</run_address>
         <size>0x60</size>
         <input_file_ref idref="fl-10"/>
      </object_component>
      <object_component id="oc-1f0">
         <name>.const:dv17$18</name>
         <load_address>0x6238</load_address>
         <run_address>0x6238</run_address>
         <size>0x60</size>
         <input_file_ref idref="fl-10"/>
      </object_component>
      <object_component id="oc-1f1">
         <name>.const:dv18$19</name>
         <load_address>0x6298</load_address>
         <run_address>0x6298</run_address>
         <size>0x60</size>
         <input_file_ref idref="fl-10"/>
      </object_component>
      <object_component id="oc-1d6">
         <name>.const:dv2$3</name>
         <load_address>0x62f8</load_address>
         <run_address>0x62f8</run_address>
         <size>0x60</size>
         <input_file_ref idref="fl-10"/>
      </object_component>
      <object_component id="oc-1f4">
         <name>.const:dv21$22</name>
         <load_address>0x6358</load_address>
         <run_address>0x6358</run_address>
         <size>0x60</size>
         <input_file_ref idref="fl-10"/>
      </object_component>
      <object_component id="oc-1f5">
         <name>.const:dv22$23</name>
         <load_address>0x63b8</load_address>
         <run_address>0x63b8</run_address>
         <size>0x60</size>
         <input_file_ref idref="fl-10"/>
      </object_component>
      <object_component id="oc-1d9">
         <name>.const:dv5$6</name>
         <load_address>0x6418</load_address>
         <run_address>0x6418</run_address>
         <size>0x60</size>
         <input_file_ref idref="fl-10"/>
      </object_component>
      <object_component id="oc-1da">
         <name>.const:dv6$7</name>
         <load_address>0x6478</load_address>
         <run_address>0x6478</run_address>
         <size>0x60</size>
         <input_file_ref idref="fl-10"/>
      </object_component>
      <object_component id="oc-1dd">
         <name>.const:dv9$10</name>
         <load_address>0x64d8</load_address>
         <run_address>0x64d8</run_address>
         <size>0x60</size>
         <input_file_ref idref="fl-10"/>
      </object_component>
      <object_component id="oc-1f2">
         <name>.const:dv19$20</name>
         <load_address>0x6538</load_address>
         <run_address>0x6538</run_address>
         <size>0x48</size>
         <input_file_ref idref="fl-10"/>
      </object_component>
      <object_component id="oc-1db">
         <name>.const:dv7$8</name>
         <load_address>0x6580</load_address>
         <run_address>0x6580</run_address>
         <size>0x48</size>
         <input_file_ref idref="fl-10"/>
      </object_component>
      <object_component id="oc-1df">
         <name>.const:dv11$12</name>
         <load_address>0x65c8</load_address>
         <run_address>0x65c8</run_address>
         <size>0x40</size>
         <input_file_ref idref="fl-10"/>
      </object_component>
      <object_component id="oc-1d7">
         <name>.const:dv3$4</name>
         <load_address>0x6608</load_address>
         <run_address>0x6608</run_address>
         <size>0x40</size>
         <input_file_ref idref="fl-10"/>
      </object_component>
      <object_component id="oc-1bf">
         <name>.const:$P$T1$5</name>
         <load_address>0x6648</load_address>
         <run_address>0x6648</run_address>
         <size>0xe</size>
         <input_file_ref idref="fl-8"/>
      </object_component>
      <object_component id="oc-1c2">
         <name>.const:$P$T2$6</name>
         <load_address>0x6656</load_address>
         <run_address>0x6656</run_address>
         <size>0xe</size>
         <input_file_ref idref="fl-8"/>
      </object_component>
      <object_component id="oc-1c5">
         <name>.const:$P$T3$7</name>
         <load_address>0x6664</load_address>
         <run_address>0x6664</run_address>
         <size>0xe</size>
         <input_file_ref idref="fl-8"/>
      </object_component>
      <object_component id="oc-1b4">
         <name>.const:$P$T0$1</name>
         <load_address>0x6672</load_address>
         <run_address>0x6672</run_address>
         <size>0x6</size>
         <input_file_ref idref="fl-7"/>
      </object_component>
      <object_component id="oc-1b9">
         <name>.const:.string:$P$T0$1</name>
         <load_address>0x6678</load_address>
         <run_address>0x6678</run_address>
         <size>0x3</size>
         <input_file_ref idref="fl-8"/>
      </object_component>
      <object_component id="oc-27e">
         <name>.cinit..data.load</name>
         <load_address>0x6680</load_address>
         <run_address>0x6680</run_address>
         <size>0x26</size>
      </object_component>
      <object_component id="oc-27c">
         <name>__TI_handler_table</name>
         <load_address>0x66a8</load_address>
         <run_address>0x66a8</run_address>
         <size>0xc</size>
      </object_component>
      <object_component id="oc-27f">
         <name>.cinit..bss.load</name>
         <load_address>0x66b8</load_address>
         <run_address>0x66b8</run_address>
         <size>0x8</size>
      </object_component>
      <object_component id="oc-27d">
         <name>__TI_cinit_table</name>
         <load_address>0x66c0</load_address>
         <run_address>0x66c0</run_address>
         <size>0x10</size>
      </object_component>
      <object_component id="oc-99">
         <name>.data</name>
         <load_address>0x20017350</load_address>
         <run_address>0x20017350</run_address>
         <size>0x5</size>
         <input_file_ref idref="fl-6"/>
      </object_component>
      <object_component id="oc-1bd">
         <name>.data:ps_entry_time$2</name>
         <load_address>0x20017330</load_address>
         <run_address>0x20017330</run_address>
         <size>0xc</size>
         <input_file_ref idref="fl-8"/>
      </object_component>
      <object_component id="oc-1be">
         <name>.data:ps_exit_time$3</name>
         <load_address>0x2001733c</load_address>
         <run_address>0x2001733c</run_address>
         <size>0xc</size>
         <input_file_ref idref="fl-8"/>
      </object_component>
      <object_component id="oc-1bc">
         <name>.data:ps_state$4</name>
         <load_address>0x20017355</load_address>
         <run_address>0x20017355</run_address>
         <size>0x3</size>
         <input_file_ref idref="fl-8"/>
      </object_component>
      <object_component id="oc-1c8">
         <name>.data</name>
         <load_address>0x2001735c</load_address>
         <run_address>0x2001735c</run_address>
         <size>0x4</size>
         <input_file_ref idref="fl-8"/>
      </object_component>
      <object_component id="oc-f9">
         <name>.data</name>
         <load_address>0x20017360</load_address>
         <run_address>0x20017360</run_address>
         <size>0x4</size>
         <input_file_ref idref="fl-b"/>
      </object_component>
      <object_component id="oc-e2">
         <name>.data:$O1$$</name>
         <load_address>0x20017318</load_address>
         <run_address>0x20017318</run_address>
         <size>0xc</size>
         <input_file_ref idref="fl-d0"/>
      </object_component>
      <object_component id="oc-1a6">
         <name>.data:$O1$$</name>
         <load_address>0x20017324</load_address>
         <run_address>0x20017324</run_address>
         <size>0xc</size>
         <input_file_ref idref="fl-d7"/>
      </object_component>
      <object_component id="oc-8a">
         <name>.data</name>
         <load_address>0x20017358</load_address>
         <run_address>0x20017358</run_address>
         <size>0x4</size>
         <input_file_ref idref="fl-db"/>
      </object_component>
      <object_component id="oc-e5">
         <name>.data:$O1$$</name>
         <load_address>0x20017348</load_address>
         <run_address>0x20017348</run_address>
         <size>0x8</size>
         <input_file_ref idref="fl-df"/>
      </object_component>
      <object_component id="oc-9d">
         <name>.common:i2cTransfer</name>
         <uninitialized>true</uninitialized>
         <run_address>0x20017364</run_address>
         <size>0x10</size>
      </object_component>
      <object_component id="oc-2b">
         <name>.sysmem</name>
         <uninitialized>true</uninitialized>
         <run_address>0x20013880</run_address>
         <size>0x8</size>
         <input_file_ref idref="fl-d7"/>
      </object_component>
      <object_component id="oc-281">
         <name>.sysmem</name>
         <uninitialized>true</uninitialized>
         <run_address>0x20013880</run_address>
         <size>0x0</size>
      </object_component>
      <object_component id="oc-2a">
         <name>.stack</name>
         <uninitialized>true</uninitialized>
         <run_address>0x20000000</run_address>
         <size>0x0</size>
         <input_file_ref idref="fl-cc"/>
      </object_component>
      <object_component id="oc-280">
         <name>.stack</name>
         <uninitialized>true</uninitialized>
         <run_address>0x20000000</run_address>
         <size>0x0</size>
      </object_component>
      <object_component id="oc-127">
         <name>.debug_info</name>
         <load_address>0x0</load_address>
         <run_address>0x0</run_address>
         <size>0x7b9</size>
         <input_file_ref idref="fl-2"/>
      </object_component>
      <object_component id="oc-146">
         <name>.debug_info</name>
         <load_address>0x7b9</load_address>
         <run_address>0x7b9</run_address>
         <size>0x4e2</size>
         <input_file_ref idref="fl-2"/>
      </object_component>
      <object_component id="oc-10b">
         <name>.debug_info</name>
         <load_address>0xc9b</load_address>
         <run_address>0xc9b</run_address>
         <size>0xe9</size>
         <input_file_ref idref="fl-2"/>
      </object_component>
      <object_component id="oc-ac">
         <name>.debug_info</name>
         <load_address>0xd84</load_address>
         <run_address>0xd84</run_address>
         <size>0x7970</size>
         <input_file_ref idref="fl-2"/>
      </object_component>
      <object_component id="oc-115">
         <name>.debug_info</name>
         <load_address>0x86f4</load_address>
         <run_address>0x86f4</run_address>
         <size>0x1055</size>
         <input_file_ref idref="fl-2"/>
      </object_component>
      <object_component id="oc-189">
         <name>.debug_info</name>
         <load_address>0x9749</load_address>
         <run_address>0x9749</run_address>
         <size>0x110</size>
         <input_file_ref idref="fl-2"/>
      </object_component>
      <object_component id="oc-4f">
         <name>.debug_info</name>
         <load_address>0x9859</load_address>
         <run_address>0x9859</run_address>
         <size>0x84</size>
         <input_file_ref idref="fl-2"/>
      </object_component>
      <object_component id="oc-a6">
         <name>.debug_info</name>
         <load_address>0x98dd</load_address>
         <run_address>0x98dd</run_address>
         <size>0x18b</size>
         <input_file_ref idref="fl-2"/>
      </object_component>
      <object_component id="oc-124">
         <name>.debug_info</name>
         <load_address>0x9a68</load_address>
         <run_address>0x9a68</run_address>
         <size>0x8e8</size>
         <input_file_ref idref="fl-3"/>
      </object_component>
      <object_component id="oc-13a">
         <name>.debug_info</name>
         <load_address>0xa350</load_address>
         <run_address>0xa350</run_address>
         <size>0x85b</size>
         <input_file_ref idref="fl-3"/>
      </object_component>
      <object_component id="oc-a1">
         <name>.debug_info</name>
         <load_address>0xabab</load_address>
         <run_address>0xabab</run_address>
         <size>0x182</size>
         <input_file_ref idref="fl-3"/>
      </object_component>
      <object_component id="oc-106">
         <name>.debug_info</name>
         <load_address>0xad2d</load_address>
         <run_address>0xad2d</run_address>
         <size>0xa7</size>
         <input_file_ref idref="fl-3"/>
      </object_component>
      <object_component id="oc-101">
         <name>.debug_info</name>
         <load_address>0xadd4</load_address>
         <run_address>0xadd4</run_address>
         <size>0x125</size>
         <input_file_ref idref="fl-3"/>
      </object_component>
      <object_component id="oc-110">
         <name>.debug_info</name>
         <load_address>0xaef9</load_address>
         <run_address>0xaef9</run_address>
         <size>0xc9</size>
         <input_file_ref idref="fl-3"/>
      </object_component>
      <object_component id="oc-182">
         <name>.debug_info</name>
         <load_address>0xafc2</load_address>
         <run_address>0xafc2</run_address>
         <size>0x3c4</size>
         <input_file_ref idref="fl-3"/>
      </object_component>
      <object_component id="oc-1ce">
         <name>.debug_info</name>
         <load_address>0xb386</load_address>
         <run_address>0xb386</run_address>
         <size>0x46</size>
         <input_file_ref idref="fl-3"/>
      </object_component>
      <object_component id="oc-242">
         <name>.debug_info</name>
         <load_address>0xb3cc</load_address>
         <run_address>0xb3cc</run_address>
         <size>0x291</size>
         <input_file_ref idref="fl-3"/>
      </object_component>
      <object_component id="oc-41">
         <name>.debug_info</name>
         <load_address>0xb65d</load_address>
         <run_address>0xb65d</run_address>
         <size>0x321</size>
         <input_file_ref idref="fl-4"/>
      </object_component>
      <object_component id="oc-ab">
         <name>.debug_info</name>
         <load_address>0xb97e</load_address>
         <run_address>0xb97e</run_address>
         <size>0x796</size>
         <input_file_ref idref="fl-5"/>
      </object_component>
      <object_component id="oc-3b">
         <name>.debug_info</name>
         <load_address>0xc114</load_address>
         <run_address>0xc114</run_address>
         <size>0x527</size>
         <input_file_ref idref="fl-5"/>
      </object_component>
      <object_component id="oc-9e">
         <name>.debug_info</name>
         <load_address>0xc63b</load_address>
         <run_address>0xc63b</run_address>
         <size>0xd42</size>
         <input_file_ref idref="fl-6"/>
      </object_component>
      <object_component id="oc-9a">
         <name>.debug_info</name>
         <load_address>0xd37d</load_address>
         <run_address>0xd37d</run_address>
         <size>0x178</size>
         <input_file_ref idref="fl-6"/>
      </object_component>
      <object_component id="oc-db">
         <name>.debug_info</name>
         <load_address>0xd4f5</load_address>
         <run_address>0xd4f5</run_address>
         <size>0x565</size>
         <input_file_ref idref="fl-6"/>
      </object_component>
      <object_component id="oc-11f">
         <name>.debug_info</name>
         <load_address>0xda5a</load_address>
         <run_address>0xda5a</run_address>
         <size>0xc8</size>
         <input_file_ref idref="fl-6"/>
      </object_component>
      <object_component id="oc-11a">
         <name>.debug_info</name>
         <load_address>0xdb22</load_address>
         <run_address>0xdb22</run_address>
         <size>0x3c4</size>
         <input_file_ref idref="fl-6"/>
      </object_component>
      <object_component id="oc-17b">
         <name>.debug_info</name>
         <load_address>0xdee6</load_address>
         <run_address>0xdee6</run_address>
         <size>0x2c</size>
         <input_file_ref idref="fl-6"/>
      </object_component>
      <object_component id="oc-1b8">
         <name>.debug_info</name>
         <load_address>0xdf12</load_address>
         <run_address>0xdf12</run_address>
         <size>0x8b5</size>
         <input_file_ref idref="fl-7"/>
      </object_component>
      <object_component id="oc-1b5">
         <name>.debug_info</name>
         <load_address>0xe7c7</load_address>
         <run_address>0xe7c7</run_address>
         <size>0xc9</size>
         <input_file_ref idref="fl-7"/>
      </object_component>
      <object_component id="oc-158">
         <name>.debug_info</name>
         <load_address>0xe890</load_address>
         <run_address>0xe890</run_address>
         <size>0xfd0</size>
         <input_file_ref idref="fl-7"/>
      </object_component>
      <object_component id="oc-1ca">
         <name>.debug_info</name>
         <load_address>0xf860</load_address>
         <run_address>0xf860</run_address>
         <size>0x811</size>
         <input_file_ref idref="fl-8"/>
      </object_component>
      <object_component id="oc-1ba">
         <name>.debug_info</name>
         <load_address>0x10071</load_address>
         <run_address>0x10071</run_address>
         <size>0xd3</size>
         <input_file_ref idref="fl-8"/>
      </object_component>
      <object_component id="oc-1c0">
         <name>.debug_info</name>
         <load_address>0x10144</load_address>
         <run_address>0x10144</run_address>
         <size>0xd3</size>
         <input_file_ref idref="fl-8"/>
      </object_component>
      <object_component id="oc-1c3">
         <name>.debug_info</name>
         <load_address>0x10217</load_address>
         <run_address>0x10217</run_address>
         <size>0xd3</size>
         <input_file_ref idref="fl-8"/>
      </object_component>
      <object_component id="oc-1c6">
         <name>.debug_info</name>
         <load_address>0x102ea</load_address>
         <run_address>0x102ea</run_address>
         <size>0xd3</size>
         <input_file_ref idref="fl-8"/>
      </object_component>
      <object_component id="oc-15e">
         <name>.debug_info</name>
         <load_address>0x103bd</load_address>
         <run_address>0x103bd</run_address>
         <size>0xb24</size>
         <input_file_ref idref="fl-8"/>
      </object_component>
      <object_component id="oc-48">
         <name>.debug_info</name>
         <load_address>0x10ee1</load_address>
         <run_address>0x10ee1</run_address>
         <size>0x2b0</size>
         <input_file_ref idref="fl-9"/>
      </object_component>
      <object_component id="oc-10">
         <name>.debug_info</name>
         <load_address>0x11191</load_address>
         <run_address>0x11191</run_address>
         <size>0xed</size>
         <input_file_ref idref="fl-9"/>
      </object_component>
      <object_component id="oc-2f">
         <name>.debug_info</name>
         <load_address>0x1127e</load_address>
         <run_address>0x1127e</run_address>
         <size>0x1ba</size>
         <input_file_ref idref="fl-9"/>
      </object_component>
      <object_component id="oc-14c">
         <name>.debug_info</name>
         <load_address>0x11438</load_address>
         <run_address>0x11438</run_address>
         <size>0x103</size>
         <input_file_ref idref="fl-a"/>
      </object_component>
      <object_component id="oc-fa">
         <name>.debug_info</name>
         <load_address>0x1153b</load_address>
         <run_address>0x1153b</run_address>
         <size>0xe6</size>
         <input_file_ref idref="fl-b"/>
      </object_component>
      <object_component id="oc-93">
         <name>.debug_info</name>
         <load_address>0x11621</load_address>
         <run_address>0x11621</run_address>
         <size>0x22f</size>
         <input_file_ref idref="fl-b"/>
      </object_component>
      <object_component id="oc-35">
         <name>.debug_info</name>
         <load_address>0x11850</load_address>
         <run_address>0x11850</run_address>
         <size>0x2cd</size>
         <input_file_ref idref="fl-c"/>
      </object_component>
      <object_component id="oc-1b3">
         <name>.debug_info</name>
         <load_address>0x11b1d</load_address>
         <run_address>0x11b1d</run_address>
         <size>0x883</size>
         <input_file_ref idref="fl-d"/>
      </object_component>
      <object_component id="oc-152">
         <name>.debug_info</name>
         <load_address>0x123a0</load_address>
         <run_address>0x123a0</run_address>
         <size>0x459</size>
         <input_file_ref idref="fl-d"/>
      </object_component>
      <object_component id="oc-200">
         <name>.debug_info</name>
         <load_address>0x127f9</load_address>
         <run_address>0x127f9</run_address>
         <size>0x3c4</size>
         <input_file_ref idref="fl-d"/>
      </object_component>
      <object_component id="oc-249">
         <name>.debug_info</name>
         <load_address>0x12bbd</load_address>
         <run_address>0x12bbd</run_address>
         <size>0x39</size>
         <input_file_ref idref="fl-d"/>
      </object_component>
      <object_component id="oc-c3">
         <name>.debug_info</name>
         <load_address>0x12bf6</load_address>
         <run_address>0x12bf6</run_address>
         <size>0x2c</size>
         <input_file_ref idref="fl-d"/>
      </object_component>
      <object_component id="oc-239">
         <name>.debug_info</name>
         <load_address>0x12c22</load_address>
         <run_address>0x12c22</run_address>
         <size>0x934</size>
         <input_file_ref idref="fl-e"/>
      </object_component>
      <object_component id="oc-1e1">
         <name>.debug_info</name>
         <load_address>0x13556</load_address>
         <run_address>0x13556</run_address>
         <size>0x736</size>
         <input_file_ref idref="fl-e"/>
      </object_component>
      <object_component id="oc-23a">
         <name>.debug_info</name>
         <load_address>0x13c8c</load_address>
         <run_address>0x13c8c</run_address>
         <size>0x3d2</size>
         <input_file_ref idref="fl-e"/>
      </object_component>
      <object_component id="oc-252">
         <name>.debug_info</name>
         <load_address>0x1405e</load_address>
         <run_address>0x1405e</run_address>
         <size>0x83b</size>
         <input_file_ref idref="fl-f"/>
      </object_component>
      <object_component id="oc-223">
         <name>.debug_info</name>
         <load_address>0x14899</load_address>
         <run_address>0x14899</run_address>
         <size>0x2d0</size>
         <input_file_ref idref="fl-f"/>
      </object_component>
      <object_component id="oc-1f9">
         <name>.debug_info</name>
         <load_address>0x14b69</load_address>
         <run_address>0x14b69</run_address>
         <size>0x919</size>
         <input_file_ref idref="fl-10"/>
      </object_component>
      <object_component id="oc-1a0">
         <name>.debug_info</name>
         <load_address>0x15482</load_address>
         <run_address>0x15482</run_address>
         <size>0x60b</size>
         <input_file_ref idref="fl-10"/>
      </object_component>
      <object_component id="oc-25">
         <name>.debug_info</name>
         <load_address>0x15a8d</load_address>
         <run_address>0x15a8d</run_address>
         <size>0x160</size>
         <input_file_ref idref="fl-cc"/>
      </object_component>
      <object_component id="oc-b9">
         <name>.debug_info</name>
         <load_address>0x15bed</load_address>
         <run_address>0x15bed</run_address>
         <size>0x293</size>
         <input_file_ref idref="fl-cd"/>
      </object_component>
      <object_component id="oc-13">
         <name>.debug_info</name>
         <load_address>0x15e80</load_address>
         <run_address>0x15e80</run_address>
         <size>0x245</size>
         <input_file_ref idref="fl-cd"/>
      </object_component>
      <object_component id="oc-4a">
         <name>.debug_info</name>
         <load_address>0x160c5</load_address>
         <run_address>0x160c5</run_address>
         <size>0x60</size>
         <input_file_ref idref="fl-cd"/>
      </object_component>
      <object_component id="oc-b4">
         <name>.debug_info</name>
         <load_address>0x16125</load_address>
         <run_address>0x16125</run_address>
         <size>0x46</size>
         <input_file_ref idref="fl-cd"/>
      </object_component>
      <object_component id="oc-5f">
         <name>.debug_info</name>
         <load_address>0x1616b</load_address>
         <run_address>0x1616b</run_address>
         <size>0x2da</size>
         <input_file_ref idref="fl-ce"/>
      </object_component>
      <object_component id="oc-19">
         <name>.debug_info</name>
         <load_address>0x16445</load_address>
         <run_address>0x16445</run_address>
         <size>0x1df</size>
         <input_file_ref idref="fl-ce"/>
      </object_component>
      <object_component id="oc-5a">
         <name>.debug_info</name>
         <load_address>0x16624</load_address>
         <run_address>0x16624</run_address>
         <size>0x46</size>
         <input_file_ref idref="fl-ce"/>
      </object_component>
      <object_component id="oc-bb">
         <name>.debug_info</name>
         <load_address>0x1666a</load_address>
         <run_address>0x1666a</run_address>
         <size>0x2c</size>
         <input_file_ref idref="fl-ce"/>
      </object_component>
      <object_component id="oc-6b">
         <name>.debug_info</name>
         <load_address>0x16696</load_address>
         <run_address>0x16696</run_address>
         <size>0x2c9</size>
         <input_file_ref idref="fl-cf"/>
      </object_component>
      <object_component id="oc-1f">
         <name>.debug_info</name>
         <load_address>0x1695f</load_address>
         <run_address>0x1695f</run_address>
         <size>0x1aa</size>
         <input_file_ref idref="fl-cf"/>
      </object_component>
      <object_component id="oc-66">
         <name>.debug_info</name>
         <load_address>0x16b09</load_address>
         <run_address>0x16b09</run_address>
         <size>0x46</size>
         <input_file_ref idref="fl-cf"/>
      </object_component>
      <object_component id="oc-e9">
         <name>.debug_info</name>
         <load_address>0x16b4f</load_address>
         <run_address>0x16b4f</run_address>
         <size>0x3ce</size>
         <input_file_ref idref="fl-d0"/>
      </object_component>
      <object_component id="oc-e3">
         <name>.debug_info</name>
         <load_address>0x16f1d</load_address>
         <run_address>0x16f1d</run_address>
         <size>0x185</size>
         <input_file_ref idref="fl-d0"/>
      </object_component>
      <object_component id="oc-85">
         <name>.debug_info</name>
         <load_address>0x170a2</load_address>
         <run_address>0x170a2</run_address>
         <size>0x214</size>
         <input_file_ref idref="fl-d0"/>
      </object_component>
      <object_component id="oc-214">
         <name>.debug_info</name>
         <load_address>0x172b6</load_address>
         <run_address>0x172b6</run_address>
         <size>0x144</size>
         <input_file_ref idref="fl-d1"/>
      </object_component>
      <object_component id="oc-1e8">
         <name>.debug_info</name>
         <load_address>0x173fa</load_address>
         <run_address>0x173fa</run_address>
         <size>0x120</size>
         <input_file_ref idref="fl-d2"/>
      </object_component>
      <object_component id="oc-21b">
         <name>.debug_info</name>
         <load_address>0x1751a</load_address>
         <run_address>0x1751a</run_address>
         <size>0x122</size>
         <input_file_ref idref="fl-d2"/>
      </object_component>
      <object_component id="oc-21e">
         <name>.debug_info</name>
         <load_address>0x1763c</load_address>
         <run_address>0x1763c</run_address>
         <size>0x132</size>
         <input_file_ref idref="fl-d3"/>
      </object_component>
      <object_component id="oc-229">
         <name>.debug_info</name>
         <load_address>0x1776e</load_address>
         <run_address>0x1776e</run_address>
         <size>0x132</size>
         <input_file_ref idref="fl-d4"/>
      </object_component>
      <object_component id="oc-234">
         <name>.debug_info</name>
         <load_address>0x178a0</load_address>
         <run_address>0x178a0</run_address>
         <size>0x124</size>
         <input_file_ref idref="fl-d5"/>
      </object_component>
      <object_component id="oc-55">
         <name>.debug_info</name>
         <load_address>0x179c4</load_address>
         <run_address>0x179c4</run_address>
         <size>0x111</size>
         <input_file_ref idref="fl-d6"/>
      </object_component>
      <object_component id="oc-90">
         <name>.debug_info</name>
         <load_address>0x17ad5</load_address>
         <run_address>0x17ad5</run_address>
         <size>0x3bc</size>
         <input_file_ref idref="fl-d7"/>
      </object_component>
      <object_component id="oc-2c">
         <name>.debug_info</name>
         <load_address>0x17e91</load_address>
         <run_address>0x17e91</run_address>
         <size>0x101</size>
         <input_file_ref idref="fl-d7"/>
      </object_component>
      <object_component id="oc-1a7">
         <name>.debug_info</name>
         <load_address>0x17f92</load_address>
         <run_address>0x17f92</run_address>
         <size>0x14c</size>
         <input_file_ref idref="fl-d7"/>
      </object_component>
      <object_component id="oc-140">
         <name>.debug_info</name>
         <load_address>0x180de</load_address>
         <run_address>0x180de</run_address>
         <size>0x885</size>
         <input_file_ref idref="fl-d7"/>
      </object_component>
      <object_component id="oc-ef">
         <name>.debug_info</name>
         <load_address>0x18963</load_address>
         <run_address>0x18963</run_address>
         <size>0x2c</size>
         <input_file_ref idref="fl-d7"/>
      </object_component>
      <object_component id="oc-f4">
         <name>.debug_info</name>
         <load_address>0x1898f</load_address>
         <run_address>0x1898f</run_address>
         <size>0x62</size>
         <input_file_ref idref="fl-d7"/>
      </object_component>
      <object_component id="oc-61">
         <name>.debug_info</name>
         <load_address>0x189f1</load_address>
         <run_address>0x189f1</run_address>
         <size>0x13f</size>
         <input_file_ref idref="fl-d8"/>
      </object_component>
      <object_component id="oc-6d">
         <name>.debug_info</name>
         <load_address>0x18b30</load_address>
         <run_address>0x18b30</run_address>
         <size>0x138</size>
         <input_file_ref idref="fl-d9"/>
      </object_component>
      <object_component id="oc-73">
         <name>.debug_info</name>
         <load_address>0x18c68</load_address>
         <run_address>0x18c68</run_address>
         <size>0x148</size>
         <input_file_ref idref="fl-da"/>
      </object_component>
      <object_component id="oc-8b">
         <name>.debug_info</name>
         <load_address>0x18db0</load_address>
         <run_address>0x18db0</run_address>
         <size>0x109</size>
         <input_file_ref idref="fl-db"/>
      </object_component>
      <object_component id="oc-1fd">
         <name>.debug_info</name>
         <load_address>0x18eb9</load_address>
         <run_address>0x18eb9</run_address>
         <size>0x284</size>
         <input_file_ref idref="fl-dc"/>
      </object_component>
      <object_component id="oc-1af">
         <name>.debug_info</name>
         <load_address>0x1913d</load_address>
         <run_address>0x1913d</run_address>
         <size>0x22a</size>
         <input_file_ref idref="fl-dc"/>
      </object_component>
      <object_component id="oc-255">
         <name>.debug_info</name>
         <load_address>0x19367</load_address>
         <run_address>0x19367</run_address>
         <size>0x2ce</size>
         <input_file_ref idref="fl-dd"/>
      </object_component>
      <object_component id="oc-230">
         <name>.debug_info</name>
         <load_address>0x19635</load_address>
         <run_address>0x19635</run_address>
         <size>0x308</size>
         <input_file_ref idref="fl-dd"/>
      </object_component>
      <object_component id="oc-19b">
         <name>.debug_info</name>
         <load_address>0x1993d</load_address>
         <run_address>0x1993d</run_address>
         <size>0x126</size>
         <input_file_ref idref="fl-de"/>
      </object_component>
      <object_component id="oc-175">
         <name>.debug_info</name>
         <load_address>0x19a63</load_address>
         <run_address>0x19a63</run_address>
         <size>0x2be</size>
         <input_file_ref idref="fl-df"/>
      </object_component>
      <object_component id="oc-e6">
         <name>.debug_info</name>
         <load_address>0x19d21</load_address>
         <run_address>0x19d21</run_address>
         <size>0x113</size>
         <input_file_ref idref="fl-df"/>
      </object_component>
      <object_component id="oc-16f">
         <name>.debug_info</name>
         <load_address>0x19e34</load_address>
         <run_address>0x19e34</run_address>
         <size>0x21f</size>
         <input_file_ref idref="fl-df"/>
      </object_component>
      <object_component id="oc-e1">
         <name>.debug_info</name>
         <load_address>0x1a053</load_address>
         <run_address>0x1a053</run_address>
         <size>0x300</size>
         <input_file_ref idref="fl-e0"/>
      </object_component>
      <object_component id="oc-7f">
         <name>.debug_info</name>
         <load_address>0x1a353</load_address>
         <run_address>0x1a353</run_address>
         <size>0x167</size>
         <input_file_ref idref="fl-e0"/>
      </object_component>
      <object_component id="oc-166">
         <name>.debug_info</name>
         <load_address>0x1a4ba</load_address>
         <run_address>0x1a4ba</run_address>
         <size>0x5e</size>
         <input_file_ref idref="fl-e0"/>
      </object_component>
      <object_component id="oc-d9">
         <name>.debug_info</name>
         <load_address>0x1a518</load_address>
         <run_address>0x1a518</run_address>
         <size>0x483</size>
         <input_file_ref idref="fl-e1"/>
      </object_component>
      <object_component id="oc-7a">
         <name>.debug_info</name>
         <load_address>0x1a99b</load_address>
         <run_address>0x1a99b</run_address>
         <size>0x190</size>
         <input_file_ref idref="fl-e1"/>
      </object_component>
      <object_component id="oc-12f">
         <name>.debug_info</name>
         <load_address>0x1ab2b</load_address>
         <run_address>0x1ab2b</run_address>
         <size>0x39</size>
         <input_file_ref idref="fl-e1"/>
      </object_component>
      <object_component id="oc-195">
         <name>.debug_info</name>
         <load_address>0x1ab64</load_address>
         <run_address>0x1ab64</run_address>
         <size>0x39</size>
         <input_file_ref idref="fl-e1"/>
      </object_component>
      <object_component id="oc-134">
         <name>.debug_info</name>
         <load_address>0x1ab9d</load_address>
         <run_address>0x1ab9d</run_address>
         <size>0xcd</size>
         <input_file_ref idref="fl-e1"/>
      </object_component>
      <object_component id="oc-12b">
         <name>.debug_info</name>
         <load_address>0x1ac6a</load_address>
         <run_address>0x1ac6a</run_address>
         <size>0x37a</size>
         <input_file_ref idref="fl-e2"/>
      </object_component>
      <object_component id="oc-cd">
         <name>.debug_info</name>
         <load_address>0x1afe4</load_address>
         <run_address>0x1afe4</run_address>
         <size>0x183</size>
         <input_file_ref idref="fl-e2"/>
      </object_component>
      <object_component id="oc-190">
         <name>.debug_info</name>
         <load_address>0x1b167</load_address>
         <run_address>0x1b167</run_address>
         <size>0x2c</size>
         <input_file_ref idref="fl-e2"/>
      </object_component>
      <object_component id="oc-d5">
         <name>.debug_info</name>
         <load_address>0x1b193</load_address>
         <run_address>0x1b193</run_address>
         <size>0x145</size>
         <input_file_ref idref="fl-e3"/>
      </object_component>
      <object_component id="oc-282">
         <name>.debug_info</name>
         <load_address>0x1b2d8</load_address>
         <run_address>0x1b2d8</run_address>
         <size>0x9c</size>
      </object_component>
      <object_component id="oc-188">
         <name>.debug_line</name>
         <load_address>0x0</load_address>
         <run_address>0x0</run_address>
         <size>0x70</size>
         <input_file_ref idref="fl-2"/>
      </object_component>
      <object_component id="oc-149">
         <name>.debug_line</name>
         <load_address>0x70</load_address>
         <run_address>0x70</run_address>
         <size>0x159</size>
         <input_file_ref idref="fl-2"/>
      </object_component>
      <object_component id="oc-10e">
         <name>.debug_line</name>
         <load_address>0x1c9</load_address>
         <run_address>0x1c9</run_address>
         <size>0x30</size>
         <input_file_ref idref="fl-2"/>
      </object_component>
      <object_component id="oc-af">
         <name>.debug_line</name>
         <load_address>0x1f9</load_address>
         <run_address>0x1f9</run_address>
         <size>0x5d</size>
         <input_file_ref idref="fl-2"/>
      </object_component>
      <object_component id="oc-118">
         <name>.debug_line</name>
         <load_address>0x256</load_address>
         <run_address>0x256</run_address>
         <size>0x60</size>
         <input_file_ref idref="fl-2"/>
      </object_component>
      <object_component id="oc-18c">
         <name>.debug_line</name>
         <load_address>0x2b6</load_address>
         <run_address>0x2b6</run_address>
         <size>0x70</size>
         <input_file_ref idref="fl-2"/>
      </object_component>
      <object_component id="oc-52">
         <name>.debug_line</name>
         <load_address>0x326</load_address>
         <run_address>0x326</run_address>
         <size>0x20</size>
         <input_file_ref idref="fl-2"/>
      </object_component>
      <object_component id="oc-a9">
         <name>.debug_line</name>
         <load_address>0x346</load_address>
         <run_address>0x346</run_address>
         <size>0x70</size>
         <input_file_ref idref="fl-2"/>
      </object_component>
      <object_component id="oc-181">
         <name>.debug_line</name>
         <load_address>0x3b6</load_address>
         <run_address>0x3b6</run_address>
         <size>0x73</size>
         <input_file_ref idref="fl-3"/>
      </object_component>
      <object_component id="oc-13d">
         <name>.debug_line</name>
         <load_address>0x429</load_address>
         <run_address>0x429</run_address>
         <size>0x1eb</size>
         <input_file_ref idref="fl-3"/>
      </object_component>
      <object_component id="oc-a4">
         <name>.debug_line</name>
         <load_address>0x614</load_address>
         <run_address>0x614</run_address>
         <size>0x2c</size>
         <input_file_ref idref="fl-3"/>
      </object_component>
      <object_component id="oc-109">
         <name>.debug_line</name>
         <load_address>0x640</load_address>
         <run_address>0x640</run_address>
         <size>0x39</size>
         <input_file_ref idref="fl-3"/>
      </object_component>
      <object_component id="oc-104">
         <name>.debug_line</name>
         <load_address>0x679</load_address>
         <run_address>0x679</run_address>
         <size>0x2f</size>
         <input_file_ref idref="fl-3"/>
      </object_component>
      <object_component id="oc-113">
         <name>.debug_line</name>
         <load_address>0x6a8</load_address>
         <run_address>0x6a8</run_address>
         <size>0x33</size>
         <input_file_ref idref="fl-3"/>
      </object_component>
      <object_component id="oc-185">
         <name>.debug_line</name>
         <load_address>0x6db</load_address>
         <run_address>0x6db</run_address>
         <size>0x62</size>
         <input_file_ref idref="fl-3"/>
      </object_component>
      <object_component id="oc-1d1">
         <name>.debug_line</name>
         <load_address>0x73d</load_address>
         <run_address>0x73d</run_address>
         <size>0x70</size>
         <input_file_ref idref="fl-3"/>
      </object_component>
      <object_component id="oc-245">
         <name>.debug_line</name>
         <load_address>0x7ad</load_address>
         <run_address>0x7ad</run_address>
         <size>0x69</size>
         <input_file_ref idref="fl-3"/>
      </object_component>
      <object_component id="oc-44">
         <name>.debug_line</name>
         <load_address>0x816</load_address>
         <run_address>0x816</run_address>
         <size>0x120</size>
         <input_file_ref idref="fl-4"/>
      </object_component>
      <object_component id="oc-126">
         <name>.debug_line</name>
         <load_address>0x936</load_address>
         <run_address>0x936</run_address>
         <size>0x3a</size>
         <input_file_ref idref="fl-5"/>
      </object_component>
      <object_component id="oc-3e">
         <name>.debug_line</name>
         <load_address>0x970</load_address>
         <run_address>0x970</run_address>
         <size>0x1e5</size>
         <input_file_ref idref="fl-5"/>
      </object_component>
      <object_component id="oc-100">
         <name>.debug_line</name>
         <load_address>0xb55</load_address>
         <run_address>0xb55</run_address>
         <size>0x10c</size>
         <input_file_ref idref="fl-6"/>
      </object_component>
      <object_component id="oc-fe">
         <name>.debug_line</name>
         <load_address>0xc61</load_address>
         <run_address>0xc61</run_address>
         <size>0x2d</size>
         <input_file_ref idref="fl-6"/>
      </object_component>
      <object_component id="oc-de">
         <name>.debug_line</name>
         <load_address>0xc8e</load_address>
         <run_address>0xc8e</run_address>
         <size>0x172</size>
         <input_file_ref idref="fl-6"/>
      </object_component>
      <object_component id="oc-122">
         <name>.debug_line</name>
         <load_address>0xe00</load_address>
         <run_address>0xe00</run_address>
         <size>0x6f</size>
         <input_file_ref idref="fl-6"/>
      </object_component>
      <object_component id="oc-11d">
         <name>.debug_line</name>
         <load_address>0xe6f</load_address>
         <run_address>0xe6f</run_address>
         <size>0x62</size>
         <input_file_ref idref="fl-6"/>
      </object_component>
      <object_component id="oc-17e">
         <name>.debug_line</name>
         <load_address>0xed1</load_address>
         <run_address>0xed1</run_address>
         <size>0x70</size>
         <input_file_ref idref="fl-6"/>
      </object_component>
      <object_component id="oc-208">
         <name>.debug_line</name>
         <load_address>0xf41</load_address>
         <run_address>0xf41</run_address>
         <size>0x56</size>
         <input_file_ref idref="fl-7"/>
      </object_component>
      <object_component id="oc-206">
         <name>.debug_line</name>
         <load_address>0xf97</load_address>
         <run_address>0xf97</run_address>
         <size>0x2f</size>
         <input_file_ref idref="fl-7"/>
      </object_component>
      <object_component id="oc-15b">
         <name>.debug_line</name>
         <load_address>0xfc6</load_address>
         <run_address>0xfc6</run_address>
         <size>0x361</size>
         <input_file_ref idref="fl-7"/>
      </object_component>
      <object_component id="oc-212">
         <name>.debug_line</name>
         <load_address>0x1327</load_address>
         <run_address>0x1327</run_address>
         <size>0x3c</size>
         <input_file_ref idref="fl-8"/>
      </object_component>
      <object_component id="oc-20a">
         <name>.debug_line</name>
         <load_address>0x1363</load_address>
         <run_address>0x1363</run_address>
         <size>0x39</size>
         <input_file_ref idref="fl-8"/>
      </object_component>
      <object_component id="oc-20c">
         <name>.debug_line</name>
         <load_address>0x139c</load_address>
         <run_address>0x139c</run_address>
         <size>0x39</size>
         <input_file_ref idref="fl-8"/>
      </object_component>
      <object_component id="oc-20e">
         <name>.debug_line</name>
         <load_address>0x13d5</load_address>
         <run_address>0x13d5</run_address>
         <size>0x39</size>
         <input_file_ref idref="fl-8"/>
      </object_component>
      <object_component id="oc-210">
         <name>.debug_line</name>
         <load_address>0x140e</load_address>
         <run_address>0x140e</run_address>
         <size>0x39</size>
         <input_file_ref idref="fl-8"/>
      </object_component>
      <object_component id="oc-161">
         <name>.debug_line</name>
         <load_address>0x1447</load_address>
         <run_address>0x1447</run_address>
         <size>0x27e</size>
         <input_file_ref idref="fl-8"/>
      </object_component>
      <object_component id="oc-b3">
         <name>.debug_line</name>
         <load_address>0x16c5</load_address>
         <run_address>0x16c5</run_address>
         <size>0x40</size>
         <input_file_ref idref="fl-9"/>
      </object_component>
      <object_component id="oc-47">
         <name>.debug_line</name>
         <load_address>0x1705</load_address>
         <run_address>0x1705</run_address>
         <size>0x40</size>
         <input_file_ref idref="fl-9"/>
      </object_component>
      <object_component id="oc-32">
         <name>.debug_line</name>
         <load_address>0x1745</load_address>
         <run_address>0x1745</run_address>
         <size>0x71</size>
         <input_file_ref idref="fl-9"/>
      </object_component>
      <object_component id="oc-14f">
         <name>.debug_line</name>
         <load_address>0x17b6</load_address>
         <run_address>0x17b6</run_address>
         <size>0x9c</size>
         <input_file_ref idref="fl-a"/>
      </object_component>
      <object_component id="oc-17a">
         <name>.debug_line</name>
         <load_address>0x1852</load_address>
         <run_address>0x1852</run_address>
         <size>0x3b</size>
         <input_file_ref idref="fl-b"/>
      </object_component>
      <object_component id="oc-96">
         <name>.debug_line</name>
         <load_address>0x188d</load_address>
         <run_address>0x188d</run_address>
         <size>0x99</size>
         <input_file_ref idref="fl-b"/>
      </object_component>
      <object_component id="oc-38">
         <name>.debug_line</name>
         <load_address>0x1926</load_address>
         <run_address>0x1926</run_address>
         <size>0xef</size>
         <input_file_ref idref="fl-c"/>
      </object_component>
      <object_component id="oc-1ff">
         <name>.debug_line</name>
         <load_address>0x1a15</load_address>
         <run_address>0x1a15</run_address>
         <size>0x70</size>
         <input_file_ref idref="fl-d"/>
      </object_component>
      <object_component id="oc-155">
         <name>.debug_line</name>
         <load_address>0x1a85</load_address>
         <run_address>0x1a85</run_address>
         <size>0x120</size>
         <input_file_ref idref="fl-d"/>
      </object_component>
      <object_component id="oc-203">
         <name>.debug_line</name>
         <load_address>0x1ba5</load_address>
         <run_address>0x1ba5</run_address>
         <size>0x62</size>
         <input_file_ref idref="fl-d"/>
      </object_component>
      <object_component id="oc-24c">
         <name>.debug_line</name>
         <load_address>0x1c07</load_address>
         <run_address>0x1c07</run_address>
         <size>0x70</size>
         <input_file_ref idref="fl-d"/>
      </object_component>
      <object_component id="oc-c6">
         <name>.debug_line</name>
         <load_address>0x1c77</load_address>
         <run_address>0x1c77</run_address>
         <size>0x70</size>
         <input_file_ref idref="fl-d"/>
      </object_component>
      <object_component id="oc-258">
         <name>.debug_line</name>
         <load_address>0x1ce7</load_address>
         <run_address>0x1ce7</run_address>
         <size>0xd9</size>
         <input_file_ref idref="fl-e"/>
      </object_component>
      <object_component id="oc-1e4">
         <name>.debug_line</name>
         <load_address>0x1dc0</load_address>
         <run_address>0x1dc0</run_address>
         <size>0x38a</size>
         <input_file_ref idref="fl-e"/>
      </object_component>
      <object_component id="oc-23d">
         <name>.debug_line</name>
         <load_address>0x214a</load_address>
         <run_address>0x214a</run_address>
         <size>0x3f</size>
         <input_file_ref idref="fl-e"/>
      </object_component>
      <object_component id="oc-25a">
         <name>.debug_line</name>
         <load_address>0x2189</load_address>
         <run_address>0x2189</run_address>
         <size>0x70</size>
         <input_file_ref idref="fl-f"/>
      </object_component>
      <object_component id="oc-226">
         <name>.debug_line</name>
         <load_address>0x21f9</load_address>
         <run_address>0x21f9</run_address>
         <size>0xaa</size>
         <input_file_ref idref="fl-f"/>
      </object_component>
      <object_component id="oc-241">
         <name>.debug_line</name>
         <load_address>0x22a3</load_address>
         <run_address>0x22a3</run_address>
         <size>0xa0</size>
         <input_file_ref idref="fl-10"/>
      </object_component>
      <object_component id="oc-1a3">
         <name>.debug_line</name>
         <load_address>0x2343</load_address>
         <run_address>0x2343</run_address>
         <size>0x113</size>
         <input_file_ref idref="fl-10"/>
      </object_component>
      <object_component id="oc-28">
         <name>.debug_line</name>
         <load_address>0x2456</load_address>
         <run_address>0x2456</run_address>
         <size>0x53</size>
         <input_file_ref idref="fl-cc"/>
      </object_component>
      <object_component id="oc-129">
         <name>.debug_line</name>
         <load_address>0x24a9</load_address>
         <run_address>0x24a9</run_address>
         <size>0x20</size>
         <input_file_ref idref="fl-cd"/>
      </object_component>
      <object_component id="oc-16">
         <name>.debug_line</name>
         <load_address>0x24c9</load_address>
         <run_address>0x24c9</run_address>
         <size>0xa9</size>
         <input_file_ref idref="fl-cd"/>
      </object_component>
      <object_component id="oc-4d">
         <name>.debug_line</name>
         <load_address>0x2572</load_address>
         <run_address>0x2572</run_address>
         <size>0x3a</size>
         <input_file_ref idref="fl-cd"/>
      </object_component>
      <object_component id="oc-b7">
         <name>.debug_line</name>
         <load_address>0x25ac</load_address>
         <run_address>0x25ac</run_address>
         <size>0x8a</size>
         <input_file_ref idref="fl-cd"/>
      </object_component>
      <object_component id="oc-c1">
         <name>.debug_line</name>
         <load_address>0x2636</load_address>
         <run_address>0x2636</run_address>
         <size>0x8a</size>
         <input_file_ref idref="fl-ce"/>
      </object_component>
      <object_component id="oc-1c">
         <name>.debug_line</name>
         <load_address>0x26c0</load_address>
         <run_address>0x26c0</run_address>
         <size>0x55</size>
         <input_file_ref idref="fl-ce"/>
      </object_component>
      <object_component id="oc-5d">
         <name>.debug_line</name>
         <load_address>0x2715</load_address>
         <run_address>0x2715</run_address>
         <size>0x3a</size>
         <input_file_ref idref="fl-ce"/>
      </object_component>
      <object_component id="oc-be">
         <name>.debug_line</name>
         <load_address>0x274f</load_address>
         <run_address>0x274f</run_address>
         <size>0x8a</size>
         <input_file_ref idref="fl-ce"/>
      </object_component>
      <object_component id="oc-c9">
         <name>.debug_line</name>
         <load_address>0x27d9</load_address>
         <run_address>0x27d9</run_address>
         <size>0x8a</size>
         <input_file_ref idref="fl-cf"/>
      </object_component>
      <object_component id="oc-22">
         <name>.debug_line</name>
         <load_address>0x2863</load_address>
         <run_address>0x2863</run_address>
         <size>0x4f</size>
         <input_file_ref idref="fl-cf"/>
      </object_component>
      <object_component id="oc-69">
         <name>.debug_line</name>
         <load_address>0x28b2</load_address>
         <run_address>0x28b2</run_address>
         <size>0x34</size>
         <input_file_ref idref="fl-cf"/>
      </object_component>
      <object_component id="oc-178">
         <name>.debug_line</name>
         <load_address>0x28e6</load_address>
         <run_address>0x28e6</run_address>
         <size>0xf2</size>
         <input_file_ref idref="fl-d0"/>
      </object_component>
      <object_component id="oc-16c">
         <name>.debug_line</name>
         <load_address>0x29d8</load_address>
         <run_address>0x29d8</run_address>
         <size>0x2a</size>
         <input_file_ref idref="fl-d0"/>
      </object_component>
      <object_component id="oc-88">
         <name>.debug_line</name>
         <load_address>0x2a02</load_address>
         <run_address>0x2a02</run_address>
         <size>0x86</size>
         <input_file_ref idref="fl-d0"/>
      </object_component>
      <object_component id="oc-217">
         <name>.debug_line</name>
         <load_address>0x2a88</load_address>
         <run_address>0x2a88</run_address>
         <size>0xd2</size>
         <input_file_ref idref="fl-d1"/>
      </object_component>
      <object_component id="oc-1ea">
         <name>.debug_line</name>
         <load_address>0x2b5a</load_address>
         <run_address>0x2b5a</run_address>
         <size>0x77</size>
         <input_file_ref idref="fl-d2"/>
      </object_component>
      <object_component id="oc-219">
         <name>.debug_line</name>
         <load_address>0x2bd1</load_address>
         <run_address>0x2bd1</run_address>
         <size>0x77</size>
         <input_file_ref idref="fl-d2"/>
      </object_component>
      <object_component id="oc-221">
         <name>.debug_line</name>
         <load_address>0x2c48</load_address>
         <run_address>0x2c48</run_address>
         <size>0xa8</size>
         <input_file_ref idref="fl-d3"/>
      </object_component>
      <object_component id="oc-22c">
         <name>.debug_line</name>
         <load_address>0x2cf0</load_address>
         <run_address>0x2cf0</run_address>
         <size>0x8e</size>
         <input_file_ref idref="fl-d4"/>
      </object_component>
      <object_component id="oc-237">
         <name>.debug_line</name>
         <load_address>0x2d7e</load_address>
         <run_address>0x2d7e</run_address>
         <size>0x50</size>
         <input_file_ref idref="fl-d5"/>
      </object_component>
      <object_component id="oc-58">
         <name>.debug_line</name>
         <load_address>0x2dce</load_address>
         <run_address>0x2dce</run_address>
         <size>0x88</size>
         <input_file_ref idref="fl-d6"/>
      </object_component>
      <object_component id="oc-ee">
         <name>.debug_line</name>
         <load_address>0x2e56</load_address>
         <run_address>0x2e56</run_address>
         <size>0xff</size>
         <input_file_ref idref="fl-d7"/>
      </object_component>
      <object_component id="oc-8f">
         <name>.debug_line</name>
         <load_address>0x2f55</load_address>
         <run_address>0x2f55</run_address>
         <size>0x2c</size>
         <input_file_ref idref="fl-d7"/>
      </object_component>
      <object_component id="oc-1fb">
         <name>.debug_line</name>
         <load_address>0x2f81</load_address>
         <run_address>0x2f81</run_address>
         <size>0x2c</size>
         <input_file_ref idref="fl-d7"/>
      </object_component>
      <object_component id="oc-143">
         <name>.debug_line</name>
         <load_address>0x2fad</load_address>
         <run_address>0x2fad</run_address>
         <size>0x2fc</size>
         <input_file_ref idref="fl-d7"/>
      </object_component>
      <object_component id="oc-f2">
         <name>.debug_line</name>
         <load_address>0x32a9</load_address>
         <run_address>0x32a9</run_address>
         <size>0x8a</size>
         <input_file_ref idref="fl-d7"/>
      </object_component>
      <object_component id="oc-f7">
         <name>.debug_line</name>
         <load_address>0x3333</load_address>
         <run_address>0x3333</run_address>
         <size>0x2c</size>
         <input_file_ref idref="fl-d7"/>
      </object_component>
      <object_component id="oc-64">
         <name>.debug_line</name>
         <load_address>0x335f</load_address>
         <run_address>0x335f</run_address>
[...]
         <object_component_ref idref="oc-e2"/>
      </symbol>
      <symbol id="sm-4f4">
         <name>__aeabi_dsub</name>
         <value>0x3b4d</value>
         <object_component_ref idref="oc-213"/>
      </symbol>
      <symbol id="sm-4f5">
         <name>__aeabi_dadd</name>
         <value>0x3b57</value>
         <object_component_ref idref="oc-213"/>
      </symbol>
      <symbol id="sm-517">
         <name>__aeabi_cdcmpeq</name>
         <value>0x4495</value>
         <object_component_ref idref="oc-1e6"/>
      </symbol>
      <symbol id="sm-518">
         <name>__aeabi_cdcmple</name>
         <value>0x4495</value>
         <object_component_ref idref="oc-1e6"/>
      </symbol>
      <symbol id="sm-519">
         <name>__aeabi_cdrcmple</name>
         <value>0x451b</value>
         <object_component_ref idref="oc-218"/>
      </symbol>
      <symbol id="sm-52d">
         <name>__aeabi_ddiv</name>
         <value>0x3fd5</value>
         <object_component_ref idref="oc-21d"/>
      </symbol>
      <symbol id="sm-538">
         <name>__aeabi_dmul</name>
         <value>0x4229</value>
         <object_component_ref idref="oc-228"/>
      </symbol>
      <symbol id="sm-542">
         <name>__aeabi_i2d</name>
         <value>0x47e9</value>
         <object_component_ref idref="oc-233"/>
      </symbol>
      <symbol id="sm-55d">
         <name>memcpy</name>
         <value>0x43f9</value>
         <object_component_ref idref="oc-54"/>
      </symbol>
      <symbol id="sm-55e">
         <name>__aeabi_memcpy</name>
         <value>0x43f9</value>
         <object_component_ref idref="oc-54"/>
      </symbol>
      <symbol id="sm-55f">
         <name>__aeabi_memcpy8</name>
         <value>0x43f9</value>
         <object_component_ref idref="oc-54"/>
      </symbol>
      <symbol id="sm-560">
         <name>__aeabi_memcpy4</name>
         <value>0x43f9</value>
         <object_component_ref idref="oc-54"/>
      </symbol>
      <symbol id="sm-5d4">
         <name>_sys_memory</name>
         <value>0x20013880</value>
         <object_component_ref idref="oc-2b"/>
      </symbol>
      <symbol id="sm-5d5">
         <name>free</name>
         <value>0x2c67</value>
         <object_component_ref idref="oc-13f"/>
      </symbol>
      <symbol id="sm-5d6">
         <name>realloc</name>
         <value>0x2d29</value>
         <object_component_ref idref="oc-13f"/>
      </symbol>
      <symbol id="sm-5d7">
         <name>memalign</name>
         <value>0x2e31</value>
         <object_component_ref idref="oc-13f"/>
      </symbol>
      <symbol id="sm-5d8">
         <name>calloc</name>
         <value>0x2f1d</value>
         <object_component_ref idref="oc-13f"/>
      </symbol>
      <symbol id="sm-5d9">
         <name>malloc</name>
         <value>0x2bfd</value>
         <object_component_ref idref="oc-13f"/>
      </symbol>
      <symbol id="sm-5da">
         <name>minit</name>
         <value>0x2b7d</value>
         <object_component_ref idref="oc-13f"/>
      </symbol>
      <symbol id="sm-5e9">
         <name>__aeabi_memset</name>
         <value>0x45a3</value>
         <object_component_ref idref="oc-60"/>
      </symbol>
      <symbol id="sm-5ea">
         <name>memset</name>
         <value>0x45a9</value>
         <object_component_ref idref="oc-60"/>
      </symbol>
      <symbol id="sm-5eb">
         <name>__aeabi_memset8</name>
         <value>0x45a3</value>
         <object_component_ref idref="oc-60"/>
      </symbol>
      <symbol id="sm-5ec">
         <name>__aeabi_memset4</name>
         <value>0x45a3</value>
         <object_component_ref idref="oc-60"/>
      </symbol>
      <symbol id="sm-5ed">
         <name>__aeabi_memclr8</name>
         <value>0x45a1</value>
         <object_component_ref idref="oc-60"/>
      </symbol>
      <symbol id="sm-5ee">
         <name>__aeabi_memclr4</name>
         <value>0x45a1</value>
         <object_component_ref idref="oc-60"/>
      </symbol>
      <symbol id="sm-5ef">
         <name>__aeabi_memclr</name>
         <value>0x45a1</value>
         <object_component_ref idref="oc-60"/>
      </symbol>
      <symbol id="sm-5f9">
         <name>__mpu_init</name>
         <value>0x3d03</value>
         <object_component_ref idref="oc-6c"/>
      </symbol>
      <symbol id="sm-603">
         <name>_system_pre_init</name>
         <value>0x48a1</value>
         <object_component_ref idref="oc-72"/>
      </symbol>
      <symbol id="sm-60b">
         <name>main_func_sp</name>
         <value>0x20017358</value>
         <object_component_ref idref="oc-8a"/>
      </symbol>
      <symbol id="sm-619">
         <name>strlen</name>
         <value>0x4865</value>
         <object_component_ref idref="oc-1ac"/>
      </symbol>
      <symbol id="sm-63f">
         <name>fmin</name>
         <value>0x350f</value>
         <object_component_ref idref="oc-22d"/>
      </symbol>
      <symbol id="sm-640">
         <name>fmax</name>
         <value>0x3637</value>
         <object_component_ref idref="oc-22d"/>
      </symbol>
      <symbol id="sm-641">
         <name>fmaxl</name>
         <value>0x3637</value>
         <object_component_ref idref="oc-22d"/>
      </symbol>
      <symbol id="sm-642">
         <name>fmaxf</name>
         <value>0x35d9</value>
         <object_component_ref idref="oc-22d"/>
      </symbol>
      <symbol id="sm-643">
         <name>fminl</name>
         <value>0x350f</value>
         <object_component_ref idref="oc-22d"/>
      </symbol>
      <symbol id="sm-644">
         <name>fminf</name>
         <value>0x34a9</value>
         <object_component_ref idref="oc-22d"/>
      </symbol>
      <symbol id="sm-64e">
         <name>__aeabi_ui2d</name>
         <value>0x4817</value>
         <object_component_ref idref="oc-19a"/>
      </symbol>
      <symbol id="sm-667">
         <name>_nop</name>
         <value>0x485f</value>
         <object_component_ref idref="oc-16d"/>
      </symbol>
      <symbol id="sm-668">
         <name>_lock</name>
         <value>0x20017348</value>
         <object_component_ref idref="oc-e5"/>
      </symbol>
      <symbol id="sm-669">
         <name>_unlock</name>
         <value>0x2001734c</value>
         <object_component_ref idref="oc-e5"/>
      </symbol>
      <symbol id="sm-66a">
         <name>_register_lock</name>
         <value>0x4857</value>
         <object_component_ref idref="oc-16d"/>
      </symbol>
      <symbol id="sm-66b">
         <name>_register_unlock</name>
         <value>0x4851</value>
         <object_component_ref idref="oc-16d"/>
      </symbol>
      <symbol id="sm-67f">
         <name>_args_main</name>
         <value>0x4839</value>
         <object_component_ref idref="oc-7e"/>
      </symbol>
      <symbol id="sm-6a9">
         <name>__TI_auto_init</name>
         <value>0x461d</value>
         <object_component_ref idref="oc-78"/>
      </symbol>
      <symbol id="sm-6c3">
         <name>copy_in</name>
         <value>0x479d</value>
         <object_component_ref idref="oc-cc"/>
      </symbol>
      <symbol id="sm-6cd">
         <name>_system_post_cinit</name>
         <value>0x410b</value>
         <object_component_ref idref="oc-d2"/>
      </symbol>
      <symbol id="sm-6ce">
         <name>__TI_static_base__</name>
         <value>0x0</value>
      </symbol>
      <symbol id="sm-6d1">
         <name>SHT$$INIT_ARRAY$$Limit</name>
         <value>0x0</value>
      </symbol>
      <symbol id="sm-6d2">
         <name>SHT$$INIT_ARRAY$$Base</name>
         <value>0x0</value>
      </symbol>
      <symbol id="sm-6d3">
         <name>NMI_Handler</name>
         <value>0x4893</value>
      </symbol>
      <symbol id="sm-6d4">
         <name>HardFault_Handler</name>
         <value>0x4893</value>
      </symbol>
      <symbol id="sm-6d5">
         <name>MemManage_Handler</name>
         <value>0x4893</value>
      </symbol>
      <symbol id="sm-6d6">
         <name>BusFault_Handler</name>
         <value>0x4893</value>
      </symbol>
      <symbol id="sm-6d7">
         <name>UsageFault_Handler</name>
         <value>0x4893</value>
      </symbol>
      <symbol id="sm-6d8">
         <name>SVC_Handler</name>
         <value>0x4893</value>
      </symbol>
      <symbol id="sm-6d9">
         <name>DebugMon_Handler</name>
         <value>0x4893</value>
      </symbol>
      <symbol id="sm-6da">
         <name>PendSV_Handler</name>
         <value>0x4893</value>
      </symbol>
      <symbol id="sm-6db">
         <name>SysTick_Handler</name>
         <value>0x4371</value>
      </symbol>
      <symbol id="sm-6dc">
         <name>GPIOA_IRQHandler</name>
         <value>0x4893</value>
      </symbol>
      <symbol id="sm-6dd">
         <name>GPIOB_IRQHandler</name>
         <value>0x4893</value>
      </symbol>
      <symbol id="sm-6de">
         <name>GPIOC_IRQHandler</name>
         <value>0x4893</value>
      </symbol>
      <symbol id="sm-6df">
         <name>GPIOD_IRQHandler</name>
         <value>0x4893</value>
      </symbol>
      <symbol id="sm-6e0">
         <name>GPIOE_IRQHandler</name>
         <value>0x4893</value>
      </symbol>
      <symbol id="sm-6e1">
         <name>UART0_IRQHandler</name>
         <value>0x4893</value>
      </symbol>
      <symbol id="sm-6e2">
         <name>UART1_IRQHandler</name>
         <value>0x4893</value>
      </symbol>
      <symbol id="sm-6e3">
         <name>SSI0_IRQHandler</name>
         <value>0x4893</value>
      </symbol>
      <symbol id="sm-6e4">
         <name>I2C0_IRQHandler</name>
         <value>0x2961</value>
      </symbol>
      <symbol id="sm-6e5">
         <name>PWM0_FAULT_IRQHandler</name>
         <value>0x4893</value>
      </symbol>
      <symbol id="sm-6e6">
         <name>PWM0_0_IRQHandler</name>
         <value>0x4893</value>
      </symbol>
      <symbol id="sm-6e7">
         <name>PWM0_1_IRQHandler</name>
         <value>0x4893</value>
      </symbol>
      <symbol id="sm-6e8">
         <name>PWM0_2_IRQHandler</name>
         <value>0x4893</value>
      </symbol>
      <symbol id="sm-6e9">
         <name>QEI0_IRQHandler</name>
         <value>0x4893</value>
      </symbol>
      <symbol id="sm-6ea">
         <name>ADC0SS0_IRQHandler</name>
         <value>0x4893</value>
      </symbol>
      <symbol id="sm-6eb">
         <name>ADC0SS1_IRQHandler</name>
         <value>0x4893</value>
      </symbol>
      <symbol id="sm-6ec">
         <name>ADC0SS2_IRQHandler</name>
         <value>0x4893</value>
      </symbol>
      <symbol id="sm-6ed">
         <name>ADC0SS3_IRQHandler</name>
         <value>0x4893</value>
      </symbol>
      <symbol id="sm-6ee">
         <name>WATCHDOG_IRQHandler</name>
         <value>0x4893</value>
      </symbol>
      <symbol id="sm-6ef">
         <name>TIMER0A_IRQHandler</name>
         <value>0x4893</value>
      </symbol>
      <symbol id="sm-6f0">
         <name>TIMER0B_IRQHandler</name>
         <value>0x4893</value>
      </symbol>
      <symbol id="sm-6f1">
         <name>TIMER1A_IRQHandler</name>
         <value>0x4893</value>
      </symbol>
      <symbol id="sm-6f2">
         <name>TIMER1B_IRQHandler</name>
         <value>0x4893</value>
      </symbol>
      <symbol id="sm-6f3">
         <name>TIMER2A_IRQHandler</name>
         <value>0x4893</value>
      </symbol>
      <symbol id="sm-6f4">
         <name>TIMER2B_IRQHandler</name>
         <value>0x4893</value>
      </symbol>
      <symbol id="sm-6f5">
         <name>COMP0_IRQHandler</name>
         <value>0x4893</value>
      </symbol>
      <symbol id="sm-6f6">
         <name>COMP1_IRQHandler</name>
         <value>0x4893</value>
      </symbol>
      <symbol id="sm-6f7">
         <name>COMP2_IRQHandler</name>
         <value>0x4893</value>
      </symbol>
      <symbol id="sm-6f8">
         <name>SYSCTL_IRQHandler</name>
         <value>0x4893</value>
      </symbol>
      <symbol id="sm-6f9">
         <name>FLASH_IRQHandler</name>
         <value>0x4893</value>
      </symbol>
      <symbol id="sm-6fa">
         <name>GPIOF_IRQHandler</name>
         <value>0x4893</value>
      </symbol>
      <symbol id="sm-6fb">
         <name>GPIOG_IRQHandler</name>
         <value>0x4893</value>
      </symbol>
      <symbol id="sm-6fc">
         <name>GPIOH_IRQHandler</name>
         <value>0x4893</value>
      </symbol>
      <symbol id="sm-6fd">
         <name>UART2_IRQHandler</name>
         <value>0x4893</value>
      </symbol>
      <symbol id="sm-6fe">
         <name>SSI1_IRQHandler</name>
         <value>0x4893</value>
      </symbol>
      <symbol id="sm-6ff">
         <name>TIMER3A_IRQHandler</name>
         <value>0x4893</value>
      </symbol>
      <symbol id="sm-700">
         <name>TIMER3B_IRQHandler</name>
         <value>0x4893</value>
      </symbol>
      <symbol id="sm-701">
         <name>I2C1_IRQHandler</name>
         <value>0x4893</value>
      </symbol>
      <symbol id="sm-702">
         <name>CAN0_IRQHandler</name>
         <value>0x4893</value>
      </symbol>
      <symbol id="sm-703">
         <name>CAN1_IRQHandler</name>
         <value>0x4893</value>
      </symbol>
      <symbol id="sm-704">
         <name>EMAC0_IRQHandler</name>
         <value>0x4893</value>
      </symbol>
      <symbol id="sm-705">
         <name>HIBERNATE_IRQHandler</name>
         <value>0x4893</value>
      </symbol>
      <symbol id="sm-706">
         <name>USB0_IRQHandler</name>
         <value>0x4893</value>
      </symbol>
      <symbol id="sm-707">
         <name>PWM0_3_IRQHandler</name>
         <value>0x4893</value>
      </symbol>
      <symbol id="sm-708">
         <name>UDMA_IRQHandler</name>
         <value>0x4893</value>
      </symbol>
      <symbol id="sm-709">
         <name>UDMAERR_IRQHandler</name>
         <value>0x4893</value>
      </symbol>
      <symbol id="sm-70a">
         <name>ADC1SS0_IRQHandler</name>
         <value>0x4893</value>
      </symbol>
      <symbol id="sm-70b">
         <name>ADC1SS1_IRQHandler</name>
         <value>0x4893</value>
      </symbol>
      <symbol id="sm-70c">
         <name>ADC1SS2_IRQHandler</name>
         <value>0x4893</value>
      </symbol>
      <symbol id="sm-70d">
         <name>ADC1SS3_IRQHandler</name>
         <value>0x4893</value>
      </symbol>
      <symbol id="sm-70e">
         <name>EPI0_IRQHandler</name>
         <value>0x4893</value>
      </symbol>
      <symbol id="sm-70f">
         <name>GPIOJ_IRQHandler</name>
         <value>0x388b</value>
      </symbol>
      <symbol id="sm-710">
         <name>GPIOK_IRQHandler</name>
         <value>0x4893</value>
      </symbol>
      <symbol id="sm-711">
         <name>GPIOL_IRQHandler</name>
         <value>0x4893</value>
      </symbol>
      <symbol id="sm-712">
         <name>SSI2_IRQHandler</name>
         <value>0x4893</value>
      </symbol>
      <symbol id="sm-713">
         <name>SSI3_IRQHandler</name>
         <value>0x4893</value>
      </symbol>
      <symbol id="sm-714">
         <name>UART3_IRQHandler</name>
         <value>0x4893</value>
      </symbol>
      <symbol id="sm-715">
         <name>UART4_IRQHandler</name>
         <value>0x4893</value>
      </symbol>
      <symbol id="sm-716">
         <name>UART5_IRQHandler</name>
         <value>0x4893</value>
      </symbol>
      <symbol id="sm-717">
         <name>UART6_IRQHandler</name>
         <value>0x4893</value>
      </symbol>
      <symbol id="sm-718">
         <name>UART7_IRQHandler</name>
         <value>0x4893</value>
      </symbol>
      <symbol id="sm-719">
         <name>I2C2_IRQHandler</name>
         <value>0x4893</value>
      </symbol>
      <symbol id="sm-71a">
         <name>I2C3_IRQHandler</name>
         <value>0x4893</value>
      </symbol>
      <symbol id="sm-71b">
         <name>TIMER4A_IRQHandler</name>
         <value>0x4893</value>
      </symbol>
      <symbol id="sm-71c">
         <name>TIMER4B_IRQHandler</name>
         <value>0x4893</value>
      </symbol>
      <symbol id="sm-71d">
         <name>TIMER5A_IRQHandler</name>
         <value>0x4893</value>
      </symbol>
      <symbol id="sm-71e">
         <name>TIMER5B_IRQHandler</name>
         <value>0x4893</value>
      </symbol>
      <symbol id="sm-71f">
         <name>SYSEXC_IRQHandler</name>
         <value>0x4893</value>
      </symbol>
      <symbol id="sm-720">
         <name>I2C4_IRQHandler</name>
         <value>0x4893</value>
      </symbol>
      <symbol id="sm-721">
         <name>I2C5_IRQHandler</name>
         <value>0x4893</value>
      </symbol>
      <symbol id="sm-722">
         <name>GPIOM_IRQHandler</name>
         <value>0x4893</value>
      </symbol>
      <symbol id="sm-723">
         <name>GPION_IRQHandler</name>
         <value>0x4893</value>
      </symbol>
      <symbol id="sm-724">
         <name>TAMPER0_IRQHandler</name>
         <value>0x4893</value>
      </symbol>
      <symbol id="sm-725">
         <name>GPIOP0_IRQHandler</name>
         <value>0x4893</value>
      </symbol>
      <symbol id="sm-726">
         <name>GPIOP1_IRQHandler</name>
         <value>0x4893</value>
      </symbol>
      <symbol id="sm-727">
         <name>GPIOP2_IRQHandler</name>
         <value>0x4893</value>
      </symbol>
      <symbol id="sm-728">
         <name>GPIOP3_IRQHandler</name>
         <value>0x4893</value>
      </symbol>
      <symbol id="sm-729">
         <name>GPIOP4_IRQHandler</name>
         <value>0x4893</value>
      </symbol>
      <symbol id="sm-72a">
         <name>GPIOP5_IRQHandler</name>
         <value>0x4893</value>
      </symbol>
      <symbol id="sm-72b">
         <name>GPIOP6_IRQHandler</name>
         <value>0x4893</value>
      </symbol>
      <symbol id="sm-72c">
         <name>GPIOP7_IRQHandler</name>
         <value>0x4893</value>
      </symbol>
      <symbol id="sm-72d">
         <name>GPIOQ0_IRQHandler</name>
         <value>0x4893</value>
      </symbol>
      <symbol id="sm-72e">
         <name>GPIOQ1_IRQHandler</name>
         <value>0x4893</value>
      </symbol>
      <symbol id="sm-72f">
         <name>GPIOQ2_IRQHandler</name>
         <value>0x4893</value>
      </symbol>
      <symbol id="sm-730">
         <name>GPIOQ3_IRQHandler</name>
         <value>0x4893</value>
      </symbol>
      <symbol id="sm-731">
         <name>GPIOQ4_IRQHandler</name>
         <value>0x4893</value>
      </symbol>
      <symbol id="sm-732">
         <name>GPIOQ5_IRQHandler</name>
         <value>0x4893</value>
      </symbol>
      <symbol id="sm-733">
         <name>GPIOQ6_IRQHandler</name>
         <value>0x4893</value>
      </symbol>
      <symbol id="sm-734">
         <name>GPIOQ7_IRQHandler</name>
         <value>0x4893</value>
      </symbol>
      <symbol id="sm-735">
         <name>SHA0_IRQHandler</name>
         <value>0x4893</value>
      </symbol>
      <symbol id="sm-736">
         <name>AES0_IRQHandler</name>
         <value>0x4893</value>
      </symbol>
      <symbol id="sm-737">
         <name>DES0_IRQHandler</name>
         <value>0x4893</value>
      </symbol>
      <symbol id="sm-738">
         <name>TIMER6A_IRQHandler</name>
         <value>0x4893</value>
      </symbol>
      <symbol id="sm-739">
         <name>TIMER6B_IRQHandler</name>
         <value>0x4893</value>
      </symbol>
      <symbol id="sm-73a">
         <name>TIMER7A_IRQHandler</name>
         <value>0x4893</value>
      </symbol>
      <symbol id="sm-73b">
         <name>TIMER7B_IRQHandler</name>
         <value>0x4893</value>
      </symbol>
      <symbol id="sm-73c">
         <name>I2C6_IRQHandler</name>
         <value>0x4893</value>
      </symbol>
      <symbol id="sm-73d">
         <name>I2C7_IRQHandler</name>
         <value>0x4893</value>
      </symbol>
      <symbol id="sm-73e">
         <name>I2C8_IRQHandler</name>
         <value>0x4893</value>
      </symbol>
      <symbol id="sm-73f">
         <name>I2C9_IRQHandler</name>
         <value>0x4893</value>
      </symbol>
   </symbol_table>
   <title>Link successful</title>
</link_info>
