******************************************************************************
                  TI ARM Linker Unix v16.9.4                   
******************************************************************************
>> Linked Tue Feb 25 22:29:30 2020

OUTPUT FILE NAME:   <gesture.out>
ENTRY POINT SYMBOL: "_c_int00"  address: 000046f5


MEMORY CONFIGURATION

         name            origin    length      used     unused   attr    fill
----------------------  --------  ---------  --------  --------  ----  --------
  FLASH                 00000000   00100000  000066c7  000f9939  R  X
  SRAM                  20000000   00040000  00017374  00028c8c  RW X


SEGMENT ALLOCATION MAP

run origin  load origin   length   init length attrs members
----------  ----------- ---------- ----------- ----- -------
00000000    00000000    000066d0   000066d0    r-x
  00000000    00000000    00000208   00000208    r-- .intvecs
  00000208    00000208    0000469c   0000469c    r-x .text
  000048a8    000048a8    00001dd3   00001dd3    r-- .const
  00006680    00006680    00000050   00000050    r-- .cinit
20000000    20000000    00017374   00000000    rw-
  20000000    20000000    00013880   00000000    rw- .stack
  20013880    20013880    00003a98   00000000    rw- .sysmem
  20017318    20017318    0000004c   00000000    rw- .data
  20017364    20017364    00000010   00000000    rw- .bss


SECTION ALLOCATION MAP

 output                                  attributes/
section   page    origin      length       input sections
--------  ----  ----------  ----------   ----------------
.intvecs   0    00000000    00000208     
                  00000000    00000208     startup_msp432e401y_ccs.obj (.intvecs:retain)

.text      0    00000208    0000469c     
                  00000208    000009bc     CompactClassificationECOC.obj (.text)
                  00000bc4    000008dc     classifyX.obj (.text)
                  000014a0    00000868     si114x_algorithm.obj (.text)
                  00001d08    000005ac     si114x.obj (.text)
                  000022b4    000004c4     classifier.obj (.text)
                  00002778    00000404     i2c.obj (.text)
                  00002b7c    000003d0     rtsv7M4_T_le_v4SPD16_eabi.lib : memory.obj (.text)
                  00002f4c    000002c8     main.obj (.text)
                  00003214    00000294     uart.obj (.text)
                  000034a8    0000025c     rtsv7M4_T_le_v4SPD16_eabi.lib : ti_fmax.obj (.text)
                  00003704    0000022c     gpio.obj (.text)
                  00003930    0000021c     circbuf.obj (.text)
                  00003b4c    000001b6     rtsv7M4_T_le_v4SPD16_eabi.lib : fd_add_t2.obj (.text)
                  00003d02    00000002                                   : mpu_init.obj (.text)
                  00003d04    00000188     sysinit.obj (.text)
                  00003e8c    00000148     Poly.obj (.text)
                  00003fd4    00000136     rtsv7M4_T_le_v4SPD16_eabi.lib : fd_div_t2.obj (.text)
                  0000410a    00000002                                   : startup.obj (.text)
                  0000410c    0000011c     system_msp432e401y.obj (.text)
                  00004228    000000fc     rtsv7M4_T_le_v4SPD16_eabi.lib : fd_mul_t2.obj (.text)
                  00004324    000000d4     timer.obj (.text)
                  000043f8    0000009c     rtsv7M4_T_le_v4SPD16_eabi.lib : memcpy_t2.obj (.text)
                  00004494    00000086                                   : fd_cmp_t2.obj (.text:__aeabi_cdcmple)
                  0000451a    00000086                                   : fd_cmp_t2.obj (.text:__aeabi_cdrcmple)
                  000045a0    0000007a                                   : memset_t2.obj (.text)
                  0000461a    00000002     --HOLE-- [fill = 0]
                  0000461c    00000070                                   : autoinit.obj (.text)
                  0000468c    00000068                                   : copy_decompress_lzss.obj (.text:decompress:lzss)
                  000046f4    00000054                                   : boot.obj (.text)
                  00004748    00000054                                   : exit.obj (.text)
                  0000479c    0000004c                                   : cpy_tbl.obj (.text)
                  000047e8    0000002e                                   : i_tofd_t2.obj (.text)
                  00004816    00000020                                   : u_tofd_t2.obj (.text)
                  00004836    00000002     --HOLE-- [fill = 0]
                  00004838    00000018                                   : args_main.obj (.text)
                  00004850    00000014                                   : _lock.obj (.text)
                  00004864    00000014                                   : strlen.obj (.text)
                  00004878    0000000e                                   : copy_decompress_none.obj (.text:decompress:none)
                  00004886    0000000e     startup_msp432e401y_ccs.obj (.text)
                  00004894    0000000c     rtsv7M4_T_le_v4SPD16_eabi.lib : copy_zero_init.obj (.text:decompress:ZI)
                  000048a0    00000004                                   : pre_init.obj (.text)

.const     0    000048a8    00001dd3     
                  000048a8    000004e0     classifyX.obj (.const:dv12$13)
                  00004d88    000004e0     classifyX.obj (.const:dv20$21)
                  00005268    00000360     classifyX.obj (.const:dv16$17)
                  000055c8    00000360     classifyX.obj (.const:dv4$5)
                  00005928    00000300     classifyX.obj (.const:dv$1)
                  00005c28    00000300     classifyX.obj (.const:dv8$9)
                  00005f28    000000c0     classifyX.obj (.const:CompactMdl_CodingMatrix$25)
                  00005fe8    00000068     classifyX.obj (.const:dv15$16)
                  00006050    00000068     classifyX.obj (.const:dv23$24)
                  000060b8    00000060     classifyX.obj (.const:dv1$2)
                  00006118    00000060     classifyX.obj (.const:dv10$11)
                  00006178    00000060     classifyX.obj (.const:dv13$14)
                  000061d8    00000060     classifyX.obj (.const:dv14$15)
                  00006238    00000060     classifyX.obj (.const:dv17$18)
                  00006298    00000060     classifyX.obj (.const:dv18$19)
                  000062f8    00000060     classifyX.obj (.const:dv2$3)
                  00006358    00000060     classifyX.obj (.const:dv21$22)
                  000063b8    00000060     classifyX.obj (.const:dv22$23)
                  00006418    00000060     classifyX.obj (.const:dv5$6)
                  00006478    00000060     classifyX.obj (.const:dv6$7)
                  000064d8    00000060     classifyX.obj (.const:dv9$10)
                  00006538    00000048     classifyX.obj (.const:dv19$20)
                  00006580    00000048     classifyX.obj (.const:dv7$8)
                  000065c8    00000040     classifyX.obj (.const:dv11$12)
                  00006608    00000040     classifyX.obj (.const:dv3$4)
                  00006648    0000000e     si114x_algorithm.obj (.const:$P$T1$5)
                  00006656    0000000e     si114x_algorithm.obj (.const:$P$T2$6)
                  00006664    0000000e     si114x_algorithm.obj (.const:$P$T3$7)
                  00006672    00000006     si114x.obj (.const:$P$T0$1)
                  00006678    00000003     si114x_algorithm.obj (.const:.string:$P$T0$1)

.cinit     0    00006680    00000050     
                  00006680    00000026     (.cinit..data.load) [load image, compression = lzss]
                  000066a6    00000002     --HOLE-- [fill = 0]
                  000066a8    0000000c     (__TI_handler_table)
                  000066b4    00000004     --HOLE-- [fill = 0]
                  000066b8    00000008     (.cinit..bss.load) [load image, compression = zero_init]
                  000066c0    00000010     (__TI_cinit_table)

.init_array 
*          0    00000000    00000000     UNINITIALIZED

.stack     0    20000000    00013880     UNINITIALIZED
                  20000000    00013880     --HOLE--

.sysmem    0    20013880    00003a98     UNINITIALIZED
                  20013880    00000008     rtsv7M4_T_le_v4SPD16_eabi.lib : memory.obj (.sysmem)
                  20013888    00003a90     --HOLE--

.data      0    20017318    0000004c     UNINITIALIZED
                  20017318    0000000c     rtsv7M4_T_le_v4SPD16_eabi.lib : exit.obj (.data:$O1$$)
                  20017324    0000000c                                   : memory.obj (.data:$O1$$)
                  20017330    0000000c     si114x_algorithm.obj (.data:ps_entry_time$2)
                  2001733c    0000000c     si114x_algorithm.obj (.data:ps_exit_time$3)
                  20017348    00000008     rtsv7M4_T_le_v4SPD16_eabi.lib : _lock.obj (.data:$O1$$)
                  20017350    00000005     main.obj (.data)
                  20017355    00000003     si114x_algorithm.obj (.data:ps_state$4)
                  20017358    00000004     rtsv7M4_T_le_v4SPD16_eabi.lib : stkdepth_vars.obj (.data)
                  2001735c    00000004     si114x_algorithm.obj (.data)
                  20017360    00000004     system_msp432e401y.obj (.data)

.bss       0    20017364    00000010     UNINITIALIZED
                  20017364    00000010     (.common:i2cTransfer)

MODULE SUMMARY

       Module                          code    ro data   rw data
       ------                          ----    -------   -------
    ./
       si114x_algorithm.obj            2152    45        31     
       si114x.obj                      1452    6         0      
       classifier.obj                  1220    0         0      
       i2c.obj                         1028    0         0      
       main.obj                        712     0         21     
       uart.obj                        660     0         0      
       gpio.obj                        556     0         0      
       circbuf.obj                     540     0         0      
       startup_msp432e401y_ccs.obj     14      520       0      
       sysinit.obj                     392     0         0      
       system_msp432e401y.obj          284     0         4      
       timer.obj                       212     0         0      
    +--+-------------------------------+-------+---------+---------+
       Total:                          9222    571       56     
                                                                
    ./classifyX_pkg/
       classifyX.obj                   2268    7584      0      
       CompactClassificationECOC.obj   2492    0         0      
       Poly.obj                        328     0         0      
    +--+-------------------------------+-------+---------+---------+
       Total:                          5088    7584      0      
                                                                
    /Applications/ti/ccsv7/tools/compiler/ti-cgt-arm_16.9.4.LTS/lib/rtsv7M4_T_le_v4SPD16_eabi.lib
       memory.obj                      976     0         12     
       ti_fmax.obj                     604     0         0      
       fd_add_t2.obj                   438     0         0      
       fd_div_t2.obj                   310     0         0      
       fd_cmp_t2.obj                   268     0         0      
       fd_mul_t2.obj                   252     0         0      
       memcpy_t2.obj                   156     0         0      
       memset_t2.obj                   122     0         0      
       autoinit.obj                    112     0         0      
       copy_decompress_lzss.obj        104     0         0      
       exit.obj                        84      0         12     
       boot.obj                        84      0         0      
       cpy_tbl.obj                     76      0         0      
       i_tofd_t2.obj                   46      0         0      
       u_tofd_t2.obj                   32      0         0      
       _lock.obj                       20      0         8      
       args_main.obj                   24      0         0      
       strlen.obj                      20      0         0      
       copy_decompress_none.obj        14      0         0      
       copy_zero_init.obj              12      0         0      
       pre_init.obj                    4       0         0      
       stkdepth_vars.obj               0       0         4      
       mpu_init.obj                    2       0         0      
       startup.obj                     2       0         0      
    +--+-------------------------------+-------+---------+---------+
       Total:                          3762    0         36     
                                                                
       Heap:                           0       0         15000  
       Stack:                          0       0         80000  
       Linker Generated:               0       74        0      
    +--+-------------------------------+-------+---------+---------+
       Grand Total:                    18072   8229      95092  


LINKER GENERATED COPY TABLES

__TI_cinit_table @ 000066c0 records: 2, size/record: 8, table size: 16
	.data: load addr=00006680, load size=00000026 bytes, run addr=20017318, run size=0000004c bytes, compression=lzss
	.bss: load addr=000066b8, load size=00000008 bytes, run addr=20017364, run size=00000010 bytes, compression=zero_init


LINKER GENERATED HANDLER TABLE

__TI_handler_table @ 000066a8 records: 3, size/record: 4, table size: 12
	index: 0, handler: __TI_decompress_lzss
	index: 1, handler: __TI_decompress_none
	index: 2, handler: __TI_zero_init


GLOBAL SYMBOLS: SORTED ALPHABETICALLY BY Name 

address   name                            
-------   ----                            
00004893  ADC0SS0_IRQHandler              
00004893  ADC0SS1_IRQHandler              
00004893  ADC0SS2_IRQHandler              
00004893  ADC0SS3_IRQHandler              
00004893  ADC1SS0_IRQHandler              
00004893  ADC1SS1_IRQHandler              
00004893  ADC1SS2_IRQHandler              
00004893  ADC1SS3_IRQHandler              
00004893  AES0_IRQHandler                 
00002573  Add_PIR_Data_To_Gesture_Features
00004893  BusFault_Handler                
00004749  C$$EXIT                         
00004893  CAN0_IRQHandler                 
00004893  CAN1_IRQHandler                 
00004893  COMP0_IRQHandler                
00004893  COMP1_IRQHandler                
00004893  COMP2_IRQHandler                
00001add  CheckPIRThresholds              
00002653  ClearGestureFeatureValues       
0000223b  ClearSi114xINT                  
00004893  DES0_IRQHandler                 
00004893  DebugMon_Handler                
00004893  Default_Handler                 
000025af  DetermineGesture                
00004893  EMAC0_IRQHandler                
00004893  EPI0_IRQHandler                 
00004893  FLASH_IRQHandler                
000022b5  FindGestureFeatures             
00001a1d  FindHandPosition                
00004893  GPIOA_IRQHandler                
00004893  GPIOB_IRQHandler                
00004893  GPIOC_IRQHandler                
00004893  GPIOD_IRQHandler                
00004893  GPIOE_IRQHandler                
00004893  GPIOF_IRQHandler                
00004893  GPIOG_IRQHandler                
00004893  GPIOH_IRQHandler                
0000388b  GPIOJ_IRQHandler                
0000388b  GPIOJ_IRQHandler                
00004893  GPIOK_IRQHandler                
00004893  GPIOL_IRQHandler                
00004893  GPIOM_IRQHandler                
00004893  GPION_IRQHandler                
00004893  GPIOP0_IRQHandler               
00004893  GPIOP1_IRQHandler               
00004893  GPIOP2_IRQHandler               
00004893  GPIOP3_IRQHandler               
00004893  GPIOP4_IRQHandler               
00004893  GPIOP5_IRQHandler               
00004893  GPIOP6_IRQHandler               
00004893  GPIOP7_IRQHandler               
00004893  GPIOQ0_IRQHandler               
00004893  GPIOQ1_IRQHandler               
00004893  GPIOQ2_IRQHandler               
00004893  GPIOQ3_IRQHandler               
00004893  GPIOQ4_IRQHandler               
00004893  GPIOQ5_IRQHandler               
00004893  GPIOQ6_IRQHandler               
00004893  GPIOQ7_IRQHandler               
000014a1  GetPIRData                      
000020d7  GetSi114xParameter              
00004893  HIBERNATE_IRQHandler            
00004893  HardFault_Handler               
00002961  I2C0_IRQHandler                 
00002961  I2C0_IRQHandler                 
00004893  I2C1_IRQHandler                 
00004893  I2C2_IRQHandler                 
00004893  I2C3_IRQHandler                 
00004893  I2C4_IRQHandler                 
00004893  I2C5_IRQHandler                 
00004893  I2C6_IRQHandler                 
00004893  I2C7_IRQHandler                 
00004893  I2C8_IRQHandler                 
00004893  I2C9_IRQHandler                 
000028ad  I2C_Read_Byte                   
00002803  I2C_Write_Byte                  
00001bb9  IRCompensation                  
00003731  Init_GPIO                       
000027d9  Init_I2C                        
00001d09  Init_Si114x                     
0000434b  Init_SysTick                    
00003d05  Init_System                     
00004325  Init_Timers                     
00003215  Init_UART                       
00004893  MemManage_Handler               
00004893  NMI_Handler                     
00001969  PSCount2Distance                
00004893  PWM0_0_IRQHandler               
00004893  PWM0_1_IRQHandler               
00004893  PWM0_2_IRQHandler               
00004893  PWM0_3_IRQHandler               
00004893  PWM0_FAULT_IRQHandler           
00002257  PausePIRSampling                
20017351  PauseSampling                   
00004893  PendSV_Handler                  
00003e8d  Poly                            
0000162d  ProcessSi114xSamples            
00004893  QEI0_IRQHandler                 
000021e1  ReadBlockSi114xRegister         
0000214d  ReadSi114xRegister              
00001df7  ResetSi114x                     
00004887  Reset_Handler                   
0000227d  ResumePIRSampling               
20017350  ResumeSampling                  
00004893  SHA0_IRQHandler                 
UNDEFED   SHT$$INIT_ARRAY$$Base           
UNDEFED   SHT$$INIT_ARRAY$$Limit          
00004893  SSI0_IRQHandler                 
00004893  SSI1_IRQHandler                 
00004893  SSI2_IRQHandler                 
00004893  SSI3_IRQHandler                 
00004893  SVC_Handler                     
00004893  SYSCTL_IRQHandler               
00004893  SYSEXC_IRQHandler               
00001ea9  SendSi114xCommand               
00003803  SetLed                          
0000202b  SetSi114xParameter              
00001c85  ShowGestureType                 
00001f85  Si114xPauseAll                  
00004365  SysTickDisable                  
00004359  SysTickEnable                   
00004371  SysTick_Handler                 
00004371  SysTick_Handler                 
20017360  SystemCoreClock                 
0000410d  SystemCoreClockUpdate           
000041fb  SystemInit                      
00004893  TAMPER0_IRQHandler              
00004893  TIMER0A_IRQHandler              
00004893  TIMER0B_IRQHandler              
00004893  TIMER1A_IRQHandler              
00004893  TIMER1B_IRQHandler              
00004893  TIMER2A_IRQHandler              
00004893  TIMER2B_IRQHandler              
00004893  TIMER3A_IRQHandler              
00004893  TIMER3B_IRQHandler              
00004893  TIMER4A_IRQHandler              
00004893  TIMER4B_IRQHandler              
00004893  TIMER5A_IRQHandler              
00004893  TIMER5B_IRQHandler              
00004893  TIMER6A_IRQHandler              
00004893  TIMER6B_IRQHandler              
00004893  TIMER7A_IRQHandler              
00004893  TIMER7B_IRQHandler              
00004893  UART0_IRQHandler                
00004893  UART1_IRQHandler                
00004893  UART2_IRQHandler                
00004893  UART3_IRQHandler                
00004893  UART4_IRQHandler                
00004893  UART5_IRQHandler                
00004893  UART6_IRQHandler                
00004893  UART7_IRQHandler                
00003429  UART_SendByte                   
0000324d  UART_SendGestureFeatures        
00004893  UDMAERR_IRQHandler              
00004893  UDMA_IRQHandler                 
00004893  USB0_IRQHandler                 
00004893  UsageFault_Handler              
00004893  WATCHDOG_IRQHandler             
00002195  WriteBlockSi114xRegister        
00002175  WriteSi114xRegister             
20013880  __STACK_END                     
00013880  __STACK_SIZE                    
20000200  __STACK_TOP                     
00003a98  __SYSMEM_SIZE                   
000066c0  __TI_CINIT_Base                 
000066d0  __TI_CINIT_Limit                
000066a8  __TI_Handler_Table_Base         
000066b4  __TI_Handler_Table_Limit        
0000461d  __TI_auto_init                  
20017318  __TI_cleanup_ptr                
0000468d  __TI_decompress_lzss            
00004879  __TI_decompress_none            
2001731c  __TI_dtors_ptr                  
20017320  __TI_enable_exit_profile_output 
ffffffff  __TI_pprof_out_hndl             
ffffffff  __TI_prof_data_size             
ffffffff  __TI_prof_data_start            
00000000  __TI_static_base__              
00004895  __TI_zero_init                  
00004495  __aeabi_cdcmpeq                 
00004495  __aeabi_cdcmple                 
0000451b  __aeabi_cdrcmple                
00003b57  __aeabi_dadd                    
00003fd5  __aeabi_ddiv                    
00004229  __aeabi_dmul                    
00003b4d  __aeabi_dsub                    
000047e9  __aeabi_i2d                     
000045a1  __aeabi_memclr                  
000045a1  __aeabi_memclr4                 
000045a1  __aeabi_memclr8                 
000043f9  __aeabi_memcpy                  
000043f9  __aeabi_memcpy4                 
000043f9  __aeabi_memcpy8                 
000045a3  __aeabi_memset                  
000045a3  __aeabi_memset4                 
000045a3  __aeabi_memset8                 
00004817  __aeabi_ui2d                    
ffffffff  __binit__                       
ffffffff  __c_args__                      
00003d03  __mpu_init                      
20000000  __stack                         
00004839  _args_main                      
000046f5  _c_int00                        
20017348  _lock                           
0000485f  _nop                            
00004857  _register_lock                  
00004851  _register_unlock                
20013880  _sys_memory                     
0000410b  _system_post_cinit              
000048a1  _system_pre_init                
2001734c  _unlock                         
0000474d  abort                           
000039f5  add_item_to_buffer              
000026e7  add_pir_data_to_buffers         
ffffffff  binit                           
000039df  buffer_empty                    
000039c3  buffer_full                     
00000209  c_CompactClassificationECOC_pre 
00002f1d  calloc                          
00000bc5  classifyX                       
00003973  clear_buffer                    
0000479d  copy_in                         
000043ab  delay_10ms                      
00004389  delay_1ms                       
000039b5  delete_buffer                   
00004755  exit                            
00003637  fmax                            
000035d9  fmaxf                           
00003637  fmaxl                           
0000350f  fmin                            
000034a9  fminf                           
0000350f  fminl                           
00002c67  free                            
20017354  gestureIndex                    
20017353  gestureStatus                   
20017364  i2cTransfer                     
00003931  initialize_buffer               
00000000  interruptVectors                
00001b3f  isIRStable                      
0000333b  itoa                            
00002f4d  main                            
20017358  main_func_sp                    
00002bfd  malloc                          
00002e31  memalign                        
000043f9  memcpy                          
000045a9  memset                          
00002b7d  minit                           
20017352  pirStatus                       
00002d29  realloc                         
00003ac9  remove_item_from_buffer         
00002719  remove_pir_data_from_buffers    
000033d9  reverse                         
00004865  strlen                          


GLOBAL SYMBOLS: SORTED BY Symbol Address 

address   name                            
-------   ----                            
00000000  __TI_static_base__              
00000000  interruptVectors                
00000209  c_CompactClassificationECOC_pre 
00000bc5  classifyX                       
000014a1  GetPIRData                      
0000162d  ProcessSi114xSamples            
00001969  PSCount2Distance                
00001a1d  FindHandPosition                
00001add  CheckPIRThresholds              
00001b3f  isIRStable                      
00001bb9  IRCompensation                  
00001c85  ShowGestureType                 
00001d09  Init_Si114x                     
00001df7  ResetSi114x                     
00001ea9  SendSi114xCommand               
00001f85  Si114xPauseAll                  
0000202b  SetSi114xParameter              
000020d7  GetSi114xParameter              
0000214d  ReadSi114xRegister              
00002175  WriteSi114xRegister             
00002195  WriteBlockSi114xRegister        
000021e1  ReadBlockSi114xRegister         
0000223b  ClearSi114xINT                  
00002257  PausePIRSampling                
0000227d  ResumePIRSampling               
000022b5  FindGestureFeatures             
00002573  Add_PIR_Data_To_Gesture_Features
000025af  DetermineGesture                
00002653  ClearGestureFeatureValues       
000026e7  add_pir_data_to_buffers         
00002719  remove_pir_data_from_buffers    
000027d9  Init_I2C                        
00002803  I2C_Write_Byte                  
000028ad  I2C_Read_Byte                   
00002961  I2C0_IRQHandler                 
00002961  I2C0_IRQHandler                 
00002b7d  minit                           
00002bfd  malloc                          
00002c67  free                            
00002d29  realloc                         
00002e31  memalign                        
00002f1d  calloc                          
00002f4d  main                            
00003215  Init_UART                       
0000324d  UART_SendGestureFeatures        
0000333b  itoa                            
000033d9  reverse                         
00003429  UART_SendByte                   
000034a9  fminf                           
0000350f  fmin                            
0000350f  fminl                           
000035d9  fmaxf                           
00003637  fmax                            
00003637  fmaxl                           
00003731  Init_GPIO                       
00003803  SetLed                          
0000388b  GPIOJ_IRQHandler                
0000388b  GPIOJ_IRQHandler                
00003931  initialize_buffer               
00003973  clear_buffer                    
000039b5  delete_buffer                   
000039c3  buffer_full                     
000039df  buffer_empty                    
000039f5  add_item_to_buffer              
00003a98  __SYSMEM_SIZE                   
00003ac9  remove_item_from_buffer         
00003b4d  __aeabi_dsub                    
00003b57  __aeabi_dadd                    
00003d03  __mpu_init                      
00003d05  Init_System                     
00003e8d  Poly                            
00003fd5  __aeabi_ddiv                    
0000410b  _system_post_cinit              
0000410d  SystemCoreClockUpdate           
000041fb  SystemInit                      
00004229  __aeabi_dmul                    
00004325  Init_Timers                     
0000434b  Init_SysTick                    
00004359  SysTickEnable                   
00004365  SysTickDisable                  
00004371  SysTick_Handler                 
00004371  SysTick_Handler                 
00004389  delay_1ms                       
000043ab  delay_10ms                      
000043f9  __aeabi_memcpy                  
000043f9  __aeabi_memcpy4                 
000043f9  __aeabi_memcpy8                 
000043f9  memcpy                          
00004495  __aeabi_cdcmpeq                 
00004495  __aeabi_cdcmple                 
0000451b  __aeabi_cdrcmple                
000045a1  __aeabi_memclr                  
000045a1  __aeabi_memclr4                 
000045a1  __aeabi_memclr8                 
000045a3  __aeabi_memset                  
000045a3  __aeabi_memset4                 
000045a3  __aeabi_memset8                 
000045a9  memset                          
0000461d  __TI_auto_init                  
0000468d  __TI_decompress_lzss            
000046f5  _c_int00                        
00004749  C$$EXIT                         
0000474d  abort                           
00004755  exit                            
0000479d  copy_in                         
000047e9  __aeabi_i2d                     
00004817  __aeabi_ui2d                    
00004839  _args_main                      
00004851  _register_unlock                
00004857  _register_lock                  
0000485f  _nop                            
00004865  strlen                          
00004879  __TI_decompress_none            
00004887  Reset_Handler                   
00004893  ADC0SS0_IRQHandler              
00004893  ADC0SS1_IRQHandler              
00004893  ADC0SS2_IRQHandler              
00004893  ADC0SS3_IRQHandler              
00004893  ADC1SS0_IRQHandler              
00004893  ADC1SS1_IRQHandler              
00004893  ADC1SS2_IRQHandler              
00004893  ADC1SS3_IRQHandler              
00004893  AES0_IRQHandler                 
00004893  BusFault_Handler                
00004893  CAN0_IRQHandler                 
00004893  CAN1_IRQHandler                 
00004893  COMP0_IRQHandler                
00004893  COMP1_IRQHandler                
00004893  COMP2_IRQHandler                
00004893  DES0_IRQHandler                 
00004893  DebugMon_Handler                
00004893  Default_Handler                 
00004893  EMAC0_IRQHandler                
00004893  EPI0_IRQHandler                 
00004893  FLASH_IRQHandler                
00004893  GPIOA_IRQHandler                
00004893  GPIOB_IRQHandler                
00004893  GPIOC_IRQHandler                
00004893  GPIOD_IRQHandler                
00004893  GPIOE_IRQHandler                
00004893  GPIOF_IRQHandler                
00004893  GPIOG_IRQHandler                
00004893  GPIOH_IRQHandler                
00004893  GPIOK_IRQHandler                
00004893  GPIOL_IRQHandler                
00004893  GPIOM_IRQHandler                
00004893  GPION_IRQHandler                
00004893  GPIOP0_IRQHandler               
00004893  GPIOP1_IRQHandler               
00004893  GPIOP2_IRQHandler               
00004893  GPIOP3_IRQHandler               
00004893  GPIOP4_IRQHandler               
00004893  GPIOP5_IRQHandler               
00004893  GPIOP6_IRQHandler               
00004893  GPIOP7_IRQHandler               
00004893  GPIOQ0_IRQHandler               
00004893  GPIOQ1_IRQHandler               
00004893  GPIOQ2_IRQHandler               
00004893  GPIOQ3_IRQHandler               
00004893  GPIOQ4_IRQHandler               
00004893  GPIOQ5_IRQHandler               
00004893  GPIOQ6_IRQHandler               
00004893  GPIOQ7_IRQHandler               
00004893  HIBERNATE_IRQHandler            
00004893  HardFault_Handler               
00004893  I2C1_IRQHandler                 
00004893  I2C2_IRQHandler                 
00004893  I2C3_IRQHandler                 
00004893  I2C4_IRQHandler                 
00004893  I2C5_IRQHandler                 
00004893  I2C6_IRQHandler                 
00004893  I2C7_IRQHandler                 
00004893  I2C8_IRQHandler                 
00004893  I2C9_IRQHandler                 
00004893  MemManage_Handler               
00004893  NMI_Handler                     
00004893  PWM0_0_IRQHandler               
00004893  PWM0_1_IRQHandler               
00004893  PWM0_2_IRQHandler               
00004893  PWM0_3_IRQHandler               
00004893  PWM0_FAULT_IRQHandler           
00004893  PendSV_Handler                  
00004893  QEI0_IRQHandler                 
00004893  SHA0_IRQHandler                 
00004893  SSI0_IRQHandler                 
00004893  SSI1_IRQHandler                 
00004893  SSI2_IRQHandler                 
00004893  SSI3_IRQHandler                 
00004893  SVC_Handler                     
00004893  SYSCTL_IRQHandler               
00004893  SYSEXC_IRQHandler               
00004893  TAMPER0_IRQHandler              
00004893  TIMER0A_IRQHandler              
00004893  TIMER0B_IRQHandler              
00004893  TIMER1A_IRQHandler              
00004893  TIMER1B_IRQHandler              
00004893  TIMER2A_IRQHandler              
00004893  TIMER2B_IRQHandler              
00004893  TIMER3A_IRQHandler              
00004893  TIMER3B_IRQHandler              
00004893  TIMER4A_IRQHandler              
00004893  TIMER4B_IRQHandler              
00004893  TIMER5A_IRQHandler              
00004893  TIMER5B_IRQHandler              
00004893  TIMER6A_IRQHandler              
00004893  TIMER6B_IRQHandler              
00004893  TIMER7A_IRQHandler              
00004893  TIMER7B_IRQHandler              
00004893  UART0_IRQHandler                
00004893  UART1_IRQHandler                
00004893  UART2_IRQHandler                
00004893  UART3_IRQHandler                
00004893  UART4_IRQHandler                
00004893  UART5_IRQHandler                
00004893  UART6_IRQHandler                
00004893  UART7_IRQHandler                
00004893  UDMAERR_IRQHandler              
00004893  UDMA_IRQHandler                 
00004893  USB0_IRQHandler                 
00004893  UsageFault_Handler              
00004893  WATCHDOG_IRQHandler             
00004895  __TI_zero_init                  
000048a1  _system_pre_init                
000066a8  __TI_Handler_Table_Base         
000066b4  __TI_Handler_Table_Limit        
000066c0  __TI_CINIT_Base                 
000066d0  __TI_CINIT_Limit                
00013880  __STACK_SIZE                    
20000000  __stack                         
20000200  __STACK_TOP                     
20013880  __STACK_END                     
20013880  _sys_memory                     
20017318  __TI_cleanup_ptr                
2001731c  __TI_dtors_ptr                  
20017320  __TI_enable_exit_profile_output 
20017348  _lock                           
2001734c  _unlock                         
20017350  ResumeSampling                  
20017351  PauseSampling                   
20017352  pirStatus                       
20017353  gestureStatus                   
20017354  gestureIndex                    
20017358  main_func_sp                    
20017360  SystemCoreClock                 
20017364  i2cTransfer                     
ffffffff  __TI_pprof_out_hndl             
ffffffff  __TI_prof_data_size             
ffffffff  __TI_prof_data_start            
ffffffff  __binit__                       
ffffffff  __c_args__                      
ffffffff  binit                           
UNDEFED   SHT$$INIT_ARRAY$$Base           
UNDEFED   SHT$$INIT_ARRAY$$Limit          

[253 symbols]
